Archive member included because of file (symbol)

C:/QNX650/host/win32/x86/usr/lib/gcc/arm-unknown-nto-qnx6.5.0/4.4.2//libgcc.a(_udivdi3.o)
                              mmcsd.o (__udivdi3)
C:/QNX650/host/win32/x86/usr/lib/gcc/arm-unknown-nto-qnx6.5.0/4.4.2//libgcc.a(_umodsi3.o)
                              C:/QNX650/host/win32/x86/usr/lib/gcc/arm-unknown-nto-qnx6.5.0/4.4.2//libgcc.a(_udivdi3.o) (__umodsi3)
C:/QNX650/host/win32/x86/usr/lib/gcc/arm-unknown-nto-qnx6.5.0/4.4.2//libgcc.a(_clz.o)
                              C:/QNX650/host/win32/x86/usr/lib/gcc/arm-unknown-nto-qnx6.5.0/4.4.2//libgcc.a(_udivdi3.o) (__clz_tab)

Allocating common symbols
Common symbol       size              file

base                0x4               sim_at91sam9g45.o
mbox_base           0x4               sim_at91sam9g45.o
mb_addr             0x4               sim_at91sam9g45.o

Memory Configuration

Name             Origin             Length             Attributes
*default*        0x00000000         0xffffffff

Linker script and memory map

LOAD C:/QNX650/target/qnx6/armle/lib/crt1.o
LOAD C:/QNX650/target/qnx6/armle/lib/crti.o
LOAD C:/QNX650/host/win32/x86/usr/lib/gcc/arm-unknown-nto-qnx6.5.0/4.4.2//crtbegin.o
LOAD mmcsd.o
LOAD sim.o
LOAD sim_at91sam9g45.o
LOAD sim_at91sam9xx.o
LOAD sim_bs.o
LOAD sim_dra446.o
LOAD sim_esdhc.o
LOAD sim_mmc.o
LOAD sim_mpc5125.o
LOAD sim_mx31.o
LOAD sim_mx35.o
LOAD sim_omap3.o
LOAD sim_sdhci.o
LOAD sim_sta2x11.o
LOAD C:/QNX650/target/qnx6/armle/usr/lib\libdrvr.a
LOAD C:/QNX650/target/qnx6/armle/usr/lib\libcache.a
LOAD C:/QNX650/target/qnx6/armle/lib/libcam.so
LOAD C:/QNX650/host/win32/x86/usr/lib/gcc/arm-unknown-nto-qnx6.5.0/4.4.2//libgcc.a
LOAD C:/QNX650/target/qnx6/armle/lib/libc.so
LOAD C:/QNX650/target/qnx6/armle/lib\libc.a
LOAD C:/QNX650/host/win32/x86/usr/lib/gcc/arm-unknown-nto-qnx6.5.0/4.4.2//libgcc.a
LOAD C:/QNX650/host/win32/x86/usr/lib/gcc/arm-unknown-nto-qnx6.5.0/4.4.2//crtend.o
LOAD C:/QNX650/target/qnx6/armle/lib/crtn.o
                0x00100000                PROVIDE (__executable_start, 0x100000)
                0x001000f4                . = (0x100000 + SIZEOF_HEADERS)

.interp         0x001000f4       0x14
 *(.interp)
 .interp        0x001000f4       0x14 C:/QNX650/host/win32/x86/usr/lib/gcc/arm-unknown-nto-qnx6.5.0/4.4.2//crtbegin.o

.note           0x00100108       0x18
 .note          0x00100108       0x18 C:/QNX650/target/qnx6/armle/lib/crtn.o

.note.gnu.build-id
 *(.note.gnu.build-id)

.hash           0x00100120      0x350
 *(.hash)
 .hash          0x00100120      0x350 C:/QNX650/host/win32/x86/usr/lib/gcc/arm-unknown-nto-qnx6.5.0/4.4.2//crtbegin.o

.gnu.hash
 *(.gnu.hash)

.dynsym         0x00100470      0x710
 *(.dynsym)
 .dynsym        0x00100470      0x710 C:/QNX650/host/win32/x86/usr/lib/gcc/arm-unknown-nto-qnx6.5.0/4.4.2//crtbegin.o

.dynstr         0x00100b80      0x556
 *(.dynstr)
 .dynstr        0x00100b80      0x556 C:/QNX650/host/win32/x86/usr/lib/gcc/arm-unknown-nto-qnx6.5.0/4.4.2//crtbegin.o

.gnu.version    0x001010d6        0x0
 *(.gnu.version)
 .gnu.version   0x00000000        0x0 C:/QNX650/host/win32/x86/usr/lib/gcc/arm-unknown-nto-qnx6.5.0/4.4.2//crtbegin.o

.gnu.version_d  0x001010d8        0x0 load address 0x001010d6
 *(.gnu.version_d)
 .gnu.version_d
                0x00000000        0x0 C:/QNX650/host/win32/x86/usr/lib/gcc/arm-unknown-nto-qnx6.5.0/4.4.2//crtbegin.o

.gnu.version_r  0x001010d8        0x0 load address 0x001010d6
 *(.gnu.version_r)
 .gnu.version_r
                0x00000000        0x0 C:/QNX650/host/win32/x86/usr/lib/gcc/arm-unknown-nto-qnx6.5.0/4.4.2//crtbegin.o

.rel.dyn        0x001010d8       0x30
 *(.rel.init)
 *(.rel.text .rel.text.* .rel.gnu.linkonce.t.*)
 *(.rel.fini)
 *(.rel.rodata .rel.rodata.* .rel.gnu.linkonce.r.*)
 *(.rel.data.rel.ro* .rel.gnu.linkonce.d.rel.ro.*)
 *(.rel.data .rel.data.* .rel.gnu.linkonce.d.*)
 *(.rel.tdata .rel.tdata.* .rel.gnu.linkonce.td.*)
 *(.rel.tbss .rel.tbss.* .rel.gnu.linkonce.tb.*)
 *(.rel.ctors)
 *(.rel.dtors)
 *(.rel.got)
 .rel.got       0x001010d8       0x20 C:/QNX650/host/win32/x86/usr/lib/gcc/arm-unknown-nto-qnx6.5.0/4.4.2//crtbegin.o
 *(.rel.bss .rel.bss.* .rel.gnu.linkonce.b.*)
 .rel.bss       0x001010f8       0x10 C:/QNX650/host/win32/x86/usr/lib/gcc/arm-unknown-nto-qnx6.5.0/4.4.2//crtbegin.o

.rela.dyn
 *(.rela.init)
 *(.rela.text .rela.text.* .rela.gnu.linkonce.t.*)
 *(.rela.fini)
 *(.rela.rodata .rela.rodata.* .rela.gnu.linkonce.r.*)
 *(.rela.data .rela.data.* .rela.gnu.linkonce.d.*)
 *(.rela.tdata .rela.tdata.* .rela.gnu.linkonce.td.*)
 *(.rela.tbss .rela.tbss.* .rela.gnu.linkonce.tb.*)
 *(.rela.ctors)
 *(.rela.dtors)
 *(.rela.got)
 *(.rela.bss .rela.bss.* .rela.gnu.linkonce.b.*)

.rel.plt        0x00101108      0x2d8
 *(.rel.plt)
 .rel.plt       0x00101108      0x2d8 C:/QNX650/host/win32/x86/usr/lib/gcc/arm-unknown-nto-qnx6.5.0/4.4.2//crtbegin.o

.rela.plt
 *(.rela.plt)

.init           0x001013e0       0x10
 *(.init)
 .init          0x001013e0        0x4 C:/QNX650/target/qnx6/armle/lib/crti.o
                0x001013e0                _init
 .init          0x001013e4        0x4 C:/QNX650/host/win32/x86/usr/lib/gcc/arm-unknown-nto-qnx6.5.0/4.4.2//crtbegin.o
 .init          0x001013e8        0x4 C:/QNX650/host/win32/x86/usr/lib/gcc/arm-unknown-nto-qnx6.5.0/4.4.2//crtend.o
 .init          0x001013ec        0x4 C:/QNX650/target/qnx6/armle/lib/crtn.o

.plt            0x001013f0      0x458
 *(.plt)
 .plt           0x001013f0      0x458 C:/QNX650/host/win32/x86/usr/lib/gcc/arm-unknown-nto-qnx6.5.0/4.4.2//crtbegin.o
                0x00101404                strcpy
                0x00101410                cam_configure
                0x0010141c                printf
                0x00101428                InterruptMask
                0x00101434                _init_array
                0x00101440                simq_reset_dev
                0x0010144c                pthread_create
                0x00101458                strlwr
                0x00101464                pthread_attr_init
                0x00101470                snprintf
                0x0010147c                sim_alloc_hba
                0x00101488                timer_create
                0x00101494                pthread_setname_np
                0x001014a0                getpid
                0x001014ac                _preinit_array
                0x001014b8                InterruptUnmask
                0x001014c4                memcpy
                0x001014d0                pthread_cancel
                0x001014dc                perror
                0x001014e8                puts
                0x001014f4                __cxa_finalize
                0x00101500                __udivsi3
                0x0010150c                mmap_device_io
                0x00101518                strtoul
                0x00101524                atomic_clr_value
                0x00101530                InterruptWait
                0x0010153c                vslogf
                0x00101548                MsgSendPulse
                0x00101554                nanosleep
                0x00101560                calloc
                0x0010156c                atomic_clr
                0x00101578                simq_rel_simq
                0x00101584                simq_timer_settime
                0x00101590                mem_offset64
                0x0010159c                fprintf
                0x001015a8                ConnectDetach
                0x001015c0                pthread_attr_setinheritsched
                0x001015cc                MsgReceivev
                0x001015d8                pthread_attr_setstacksize
                0x001015e4                strncmp
                0x001015f0                mmap_device_memory
                0x001015fc                strncpy
                0x00101608                sched_get_priority_max
                0x00101614                atomic_set_value
                0x00101620                simq_ccb_state
                0x0010162c                sched_get_priority_min
                0x00101638                ConnectAttach
                0x00101644                simq_ccb_enqueue
                0x00101650                slogf
                0x0010165c                strdup
                0x00101668                ChannelDestroy
                0x00101674                strtoull
                0x00101680                _init_libc
                0x0010168c                memset
                0x00101698                __div0
                0x001016a4                MsgReplyv
                0x001016b0                ChannelCreate
                0x001016bc                _fini_array
                0x001016c8                __divsi3
                0x001016d4                delay
                0x001016e0                xpt_async
                0x001016ec                sprintf
                0x001016f8                simq_post_ccb
                0x00101704                atexit
                0x00101710                ThreadCtl
                0x0010171c                getsubopt
                0x00101728                munmap_device_memory
                0x00101734                fputc
                0x00101740                simq_ccb_dequeue
                0x0010174c                sim_drvr_options
                0x00101758                simq_scsi_reset
                0x00101764                fwrite
                0x00101770                munmap_device_io
                0x0010177c                xpt_bus_register
                0x00101788                ultoa
                0x00101794                simq_dinit
                0x001017a0                exit
                0x001017ac                pthread_attr_setschedpolicy
                0x001017b8                strlen
                0x001017c4                InterruptDetach
                0x001017d0                simq_init
                0x001017dc                pthread_attr_setschedparam
                0x001017e8                pthread_attr_setdetachstate
                0x001017f4                pthread_join
                0x00101800                TimerTimeout
                0x00101818                atomic_set
                0x00101824                vfprintf
                0x00101830                InterruptAttachEvent
                0x0010183c                free

.text           0x00101848     0x8b08
                0x00101848                _btext = .
 *(.text .stub .text.* .gnu.linkonce.t.*)
 .text          0x00101848      0x110 C:/QNX650/target/qnx6/armle/lib/crt1.o
                0x00101848                _start
 .text          0x00101958        0x0 C:/QNX650/target/qnx6/armle/lib/crti.o
 .text          0x00101958      0x170 C:/QNX650/host/win32/x86/usr/lib/gcc/arm-unknown-nto-qnx6.5.0/4.4.2//crtbegin.o
 .text          0x00101ac8     0x326c mmcsd.o
                0x001024ec                mmc_parse_sd_cid
                0x00102c7c                mmc_send_rwcmd
                0x00103a24                mmc_dump
                0x0010202c                mmc_parse_mmc_csd
                0x00103f24                mmc_card_ident
                0x00103214                mmc_get_card_status
                0x001037b4                mmc_partition_config
                0x00102670                _mmc_sendcmd
                0x00103258                mmc_switch
                0x0010307c                mmc_write_protect
                0x001032a4                mmc_create_partitions
                0x00103184                mmc_erase
                0x00101aec                mmc_parse_sd_csd
                0x00102e58                mmc_parse_mmc_cid
 .text          0x00104d34      0xdb4 sim.o
                0x00105054                mmc_sim_detach
                0x00104f4c                mmc_reset_dev
                0x0010529c                mmc_alloc_hba
                0x00104fdc                mmc_scsi_io
                0x00105774                mmc_sim_args
                0x00104d34                mmc_sim_action
                0x00105300                mmc_sim_attach
                0x0010510c                mmc_sim_init
                0x00105a18                main
                0x00104ff4                mmc_free_hba
                0x00104f94                mmc_reset_bus
 .text          0x00105ae8      0xfb4 sim_at91sam9g45.o
                0x00106058                hsmci_init
                0x00105b78                clearFIFO
 .text          0x00106a9c      0xd80 sim_at91sam9xx.o
                0x0010739c                mci_init
 .text          0x0010781c       0x1c sim_bs.o
                0x00107824                bs_init
                0x0010781c                bs_dinit
 .text          0x00107838        0x0 sim_dra446.o
 .text          0x00107838        0x0 sim_esdhc.o
 .text          0x00107838     0x24e4 sim_mmc.o
                0x00108a24                mmc_fake_inquiry
                0x0010897c                mmc_mphys
                0x00109a70                mmc_driver_thread
                0x00108148                mmc_write_same
                0x00107f78                mmc_evpd_inquiry
                0x00108c84                mmc_io_cmds
                0x00108918                mmc_set_partition
                0x00107ad8                mmc_wait_card_ready
                0x00108c0c                mmc_inquiry
                0x00109c74                mmc_slogf
                0x00108a8c                mmc_std_inquiry
                0x0010798c                mmc_wait_command
                0x00107bb8                mmc_sense
 .text          0x00109d1c        0x0 sim_mpc5125.o
 .text          0x00109d1c        0x0 sim_mx31.o
 .text          0x00109d1c        0x0 sim_mx35.o
 .text          0x00109d1c        0x0 sim_omap3.o
 .text          0x00109d1c        0x0 sim_sdhci.o
 .text          0x00109d1c        0x0 sim_sta2x11.o
 .text          0x00109d1c      0x50c C:/QNX650/host/win32/x86/usr/lib/gcc/arm-unknown-nto-qnx6.5.0/4.4.2//libgcc.a(_udivdi3.o)
                0x00109d1c                __udivdi3
 .text          0x0010a228       0xcc C:/QNX650/host/win32/x86/usr/lib/gcc/arm-unknown-nto-qnx6.5.0/4.4.2//libgcc.a(_umodsi3.o)
                0x0010a228                __umodsi3
 .text          0x0010a2f4        0x0 C:/QNX650/host/win32/x86/usr/lib/gcc/arm-unknown-nto-qnx6.5.0/4.4.2//libgcc.a(_clz.o)
 .text          0x0010a2f4       0x5c C:/QNX650/host/win32/x86/usr/lib/gcc/arm-unknown-nto-qnx6.5.0/4.4.2//crtend.o
 .text          0x0010a350        0x0 C:/QNX650/target/qnx6/armle/lib/crtn.o
 *(.gnu.warning)
 *(.glue_7t)
 *(.glue_7)
 *(.vfp11_veneer)
 *(.v4_bx)

.fini           0x0010a350        0xc
 *(.fini)
 .fini          0x0010a350        0x4 C:/QNX650/target/qnx6/armle/lib/crti.o
                0x0010a350                _fini
 .fini          0x0010a354        0x4 C:/QNX650/host/win32/x86/usr/lib/gcc/arm-unknown-nto-qnx6.5.0/4.4.2//crtbegin.o
 .fini          0x0010a358        0x4 C:/QNX650/target/qnx6/armle/lib/crtn.o
                0x0010a35c                PROVIDE (__etext, .)
                0x0010a35c                PROVIDE (_etext, .)
                0x0010a35c                PROVIDE (etext, .)

.rodata         0x0010a35c     0x2040
 *(.rodata .rodata.* .gnu.linkonce.r.*)
 .rodata        0x0010a35c       0xc0 mmcsd.o
 .rodata.str1.4
                0x0010a41c     0x10cf mmcsd.o
                               0x10d4 (size before relaxing)
 *fill*         0x0010b4eb        0x1 00
 .rodata        0x0010b4ec       0x24 sim.o
                0x0010b500                sim_module
 .rodata.str1.4
                0x0010b510      0x271 sim.o
                                0x274 (size before relaxing)
 *fill*         0x0010b781        0x3 00
 .rodata        0x0010b784       0x10 sim_at91sam9g45.o
 .rodata.str1.4
                0x0010b794      0x5d1 sim_at91sam9g45.o
                                0x5d4 (size before relaxing)
 *fill*         0x0010bd65        0x3 00
 .rodata.str1.4
                0x0010bd68      0x396 sim_at91sam9xx.o
                                0x470 (size before relaxing)
 *fill*         0x0010c0fe        0x2 00
 .rodata        0x0010c100       0x1c sim_mmc.o
 .rodata.str1.4
                0x0010c11c      0x180 sim_mmc.o
                                0x188 (size before relaxing)
 .rodata        0x0010c29c      0x100 C:/QNX650/host/win32/x86/usr/lib/gcc/arm-unknown-nto-qnx6.5.0/4.4.2//libgcc.a(_clz.o)
                0x0010c29c                __clz_tab

.rodata1
 *(.rodata1)

.ARM.extab
 *(.ARM.extab* .gnu.linkonce.armextab.*)
                0x0010c39c                __exidx_start = .

.ARM.exidx
 *(.ARM.exidx* .gnu.linkonce.armexidx.*)
                0x0010c39c                __exidx_end = .

.eh_frame_hdr
 *(.eh_frame_hdr)

.eh_frame       0x0010c39c        0x4
 *(.eh_frame)
 .eh_frame      0x0010c39c        0x0 C:/QNX650/host/win32/x86/usr/lib/gcc/arm-unknown-nto-qnx6.5.0/4.4.2//crtbegin.o
 .eh_frame      0x0010c39c        0x4 C:/QNX650/host/win32/x86/usr/lib/gcc/arm-unknown-nto-qnx6.5.0/4.4.2//crtend.o

.gcc_except_table
 *(.gcc_except_table .gcc_except_table.*)
                0x0010d3a0                . = (ALIGN (0x1000) + (. & 0xfff))

.eh_frame
 *(.eh_frame)

.gcc_except_table
 *(.gcc_except_table .gcc_except_table.*)

.tdata
 *(.tdata .tdata.* .gnu.linkonce.td.*)

.tbss
 *(.tbss .tbss.* .gnu.linkonce.tb.*)
 *(.tcommon)

.preinit_array  0x0010d3a0        0x0
                0x0010d3a0                PROVIDE (__preinit_array_start, .)
 *(.preinit_array)
                0x0010d3a0                PROVIDE (__preinit_array_end, .)

.init_array     0x0010d3a0        0x0
                0x0010d3a0                PROVIDE (__init_array_start, .)
 *(SORT(.init_array.*))
 *(.init_array)
                0x0010d3a0                PROVIDE (__init_array_end, .)

.fini_array     0x0010d3a0        0x0
                0x0010d3a0                PROVIDE (__fini_array_start, .)
 *(.fini_array)
 *(SORT(.fini_array.*))
                0x0010d3a0                PROVIDE (__fini_array_end, .)

.ctors          0x0010d3a0        0x8
 *crtbegin.o(.ctors)
 .ctors         0x0010d3a0        0x4 C:/QNX650/host/win32/x86/usr/lib/gcc/arm-unknown-nto-qnx6.5.0/4.4.2//crtbegin.o
 *crtbegin?.o(.ctors)
 *(EXCLUDE_FILE(*crtend?.o *crtend.o) .ctors)
 *(SORT(.ctors.*))
 *(.ctors)
 .ctors         0x0010d3a4        0x4 C:/QNX650/host/win32/x86/usr/lib/gcc/arm-unknown-nto-qnx6.5.0/4.4.2//crtend.o

.dtors          0x0010d3a8        0x8
 *crtbegin.o(.dtors)
 .dtors         0x0010d3a8        0x4 C:/QNX650/host/win32/x86/usr/lib/gcc/arm-unknown-nto-qnx6.5.0/4.4.2//crtbegin.o
 *crtbegin?.o(.dtors)
 *(EXCLUDE_FILE(*crtend?.o *crtend.o) .dtors)
 *(SORT(.dtors.*))
 *(.dtors)
 .dtors         0x0010d3ac        0x4 C:/QNX650/host/win32/x86/usr/lib/gcc/arm-unknown-nto-qnx6.5.0/4.4.2//crtend.o
                0x0010d3ac                __DTOR_END__

.jcr            0x0010d3b0        0x4
 *(.jcr)
 .jcr           0x0010d3b0        0x0 C:/QNX650/host/win32/x86/usr/lib/gcc/arm-unknown-nto-qnx6.5.0/4.4.2//crtbegin.o
 .jcr           0x0010d3b0        0x4 C:/QNX650/host/win32/x86/usr/lib/gcc/arm-unknown-nto-qnx6.5.0/4.4.2//crtend.o

.data.rel.ro
 *(.data.rel.ro.local* .gnu.linkonce.d.rel.ro.local.*)
 *(.data.rel.ro* .gnu.linkonce.d.rel.ro.*)

.dynamic        0x0010d3b4       0xb8
 *(.dynamic)
 .dynamic       0x0010d3b4       0xb8 C:/QNX650/host/win32/x86/usr/lib/gcc/arm-unknown-nto-qnx6.5.0/4.4.2//crtbegin.o
                0x0010d3b4                _DYNAMIC

.got            0x0010d46c      0x188
 *(.got.plt)
 .got.plt       0x0010d46c      0x178 C:/QNX650/host/win32/x86/usr/lib/gcc/arm-unknown-nto-qnx6.5.0/4.4.2//crtbegin.o
                0x0010d46c                _GLOBAL_OFFSET_TABLE_
 *(.got)
 .got           0x0010d5e4       0x10 C:/QNX650/host/win32/x86/usr/lib/gcc/arm-unknown-nto-qnx6.5.0/4.4.2//crtbegin.o

.data           0x0010d5f4      0x1c8
                0x0010d5f4                __data_start = .
 *(.data .data.* .gnu.linkonce.d.*)
 .data          0x0010d5f4        0x0 C:/QNX650/target/qnx6/armle/lib/crt1.o
 .data          0x0010d5f4        0x0 C:/QNX650/target/qnx6/armle/lib/crti.o
 .data          0x0010d5f4        0x4 C:/QNX650/host/win32/x86/usr/lib/gcc/arm-unknown-nto-qnx6.5.0/4.4.2//crtbegin.o
 .data.rel      0x0010d5f8        0x4 C:/QNX650/host/win32/x86/usr/lib/gcc/arm-unknown-nto-qnx6.5.0/4.4.2//crtbegin.o
                0x0010d5f8                __dso_handle
 .data          0x0010d5fc      0x16c mmcsd.o
                0x0010d6ec                mmc_idents
                0x0010d5fc                mmc_cmds
 .data          0x0010d768       0x38 sim.o
                0x0010d768                mmc_sim_entry
 .data          0x0010d7a0       0x10 sim_at91sam9g45.o
                0x0010d7a8                uswait
 .data          0x0010d7b0        0x8 sim_at91sam9xx.o
 .data          0x0010d7b8        0x0 sim_bs.o
 .data          0x0010d7b8        0x0 sim_dra446.o
 .data          0x0010d7b8        0x0 sim_esdhc.o
 .data          0x0010d7b8        0x0 sim_mmc.o
 .data          0x0010d7b8        0x0 sim_mpc5125.o
 .data          0x0010d7b8        0x0 sim_mx31.o
 .data          0x0010d7b8        0x0 sim_mx35.o
 .data          0x0010d7b8        0x0 sim_omap3.o
 .data          0x0010d7b8        0x0 sim_sdhci.o
 .data          0x0010d7b8        0x0 sim_sta2x11.o
 .data          0x0010d7b8        0x0 C:/QNX650/host/win32/x86/usr/lib/gcc/arm-unknown-nto-qnx6.5.0/4.4.2//libgcc.a(_udivdi3.o)
 .data          0x0010d7b8        0x0 C:/QNX650/host/win32/x86/usr/lib/gcc/arm-unknown-nto-qnx6.5.0/4.4.2//libgcc.a(_umodsi3.o)
 .data          0x0010d7b8        0x0 C:/QNX650/host/win32/x86/usr/lib/gcc/arm-unknown-nto-qnx6.5.0/4.4.2//libgcc.a(_clz.o)
 .data          0x0010d7b8        0x4 C:/QNX650/host/win32/x86/usr/lib/gcc/arm-unknown-nto-qnx6.5.0/4.4.2//crtend.o
 .data          0x0010d7bc        0x0 C:/QNX650/target/qnx6/armle/lib/crtn.o

.data1
 *(.data1)
                0x0010d7bc                _edata = .
                0x0010d7bc                PROVIDE (edata, .)
                0x0010d7bc                __bss_start = .
                0x0010d7bc                __bss_start__ = .

.bss            0x0010d7bc       0xc4
 *(.dynbss)
 .dynbss        0x0010d7bc       0x54 C:/QNX650/host/win32/x86/usr/lib/gcc/arm-unknown-nto-qnx6.5.0/4.4.2//crtbegin.o
                0x0010d7bc                errno
                0x0010d7c0                _Stderr
 *(.bss .bss.* .gnu.linkonce.b.*)
 .bss           0x0010d810        0x0 C:/QNX650/target/qnx6/armle/lib/crt1.o
 .bss           0x0010d810        0x0 C:/QNX650/target/qnx6/armle/lib/crti.o
 .bss           0x0010d810       0x20 C:/QNX650/host/win32/x86/usr/lib/gcc/arm-unknown-nto-qnx6.5.0/4.4.2//crtbegin.o
 .bss           0x0010d830        0x4 mmcsd.o
 .bss           0x0010d834       0x38 sim.o
                0x0010d834                mmc_ctrl
 .bss           0x0010d86c        0x4 sim_at91sam9g45.o
                0x0010d86c                hci_ver
 .bss           0x0010d870        0x0 sim_at91sam9xx.o
 .bss           0x0010d870        0x0 sim_bs.o
 .bss           0x0010d870        0x0 sim_dra446.o
 .bss           0x0010d870        0x0 sim_esdhc.o
 .bss           0x0010d870        0x4 sim_mmc.o
 .bss           0x0010d874        0x0 sim_mpc5125.o
 .bss           0x0010d874        0x0 sim_mx31.o
 .bss           0x0010d874        0x0 sim_mx35.o
 .bss           0x0010d874        0x0 sim_omap3.o
 .bss           0x0010d874        0x0 sim_sdhci.o
 .bss           0x0010d874        0x0 sim_sta2x11.o
 .bss           0x0010d874        0x0 C:/QNX650/host/win32/x86/usr/lib/gcc/arm-unknown-nto-qnx6.5.0/4.4.2//libgcc.a(_udivdi3.o)
 .bss           0x0010d874        0x0 C:/QNX650/host/win32/x86/usr/lib/gcc/arm-unknown-nto-qnx6.5.0/4.4.2//libgcc.a(_umodsi3.o)
 .bss           0x0010d874        0x0 C:/QNX650/host/win32/x86/usr/lib/gcc/arm-unknown-nto-qnx6.5.0/4.4.2//libgcc.a(_clz.o)
 .bss           0x0010d874        0x0 C:/QNX650/host/win32/x86/usr/lib/gcc/arm-unknown-nto-qnx6.5.0/4.4.2//crtend.o
 .bss           0x0010d874        0x0 C:/QNX650/target/qnx6/armle/lib/crtn.o
 *(COMMON)
 COMMON         0x0010d874        0xc sim_at91sam9g45.o
                0x0010d874                base
                0x0010d878                mbox_base
                0x0010d87c                mb_addr
                0x0010d880                . = ALIGN ((. != 0x0)?0x4:0x1)
                0x0010d880                _bss_end__ = .
                0x0010d880                __bss_end__ = .
                0x0010d880                . = ALIGN (0x4)
                0x0010d880                . = ALIGN (0x4)
                0x0010d880                __end__ = .
                0x0010d880                _end = .
                0x0010d880                PROVIDE (end, .)

.stab
 *(.stab)

.stabstr
 *(.stabstr)

.stab.excl
 *(.stab.excl)

.stab.exclstr
 *(.stab.exclstr)

.stab.index
 *(.stab.index)

.stab.indexstr
 *(.stab.indexstr)

.comment        0x00000000      0x144
 *(.comment)
 .comment       0x00000000       0x12 C:/QNX650/host/win32/x86/usr/lib/gcc/arm-unknown-nto-qnx6.5.0/4.4.2//crtbegin.o
 .comment       0x00000012       0x12 mmcsd.o
 .comment       0x00000024       0x12 sim.o
 .comment       0x00000036       0x12 sim_at91sam9g45.o
 .comment       0x00000048       0x12 sim_at91sam9xx.o
 .comment       0x0000005a       0x12 sim_bs.o
 .comment       0x0000006c       0x12 sim_dra446.o
 .comment       0x0000007e       0x12 sim_esdhc.o
 .comment       0x00000090       0x12 sim_mmc.o
 .comment       0x000000a2       0x12 sim_mpc5125.o
 .comment       0x000000b4       0x12 sim_mx31.o
 .comment       0x000000c6       0x12 sim_mx35.o
 .comment       0x000000d8       0x12 sim_omap3.o
 .comment       0x000000ea       0x12 sim_sdhci.o
 .comment       0x000000fc       0x12 sim_sta2x11.o
 .comment       0x0000010e       0x12 C:/QNX650/host/win32/x86/usr/lib/gcc/arm-unknown-nto-qnx6.5.0/4.4.2//libgcc.a(_udivdi3.o)
 .comment       0x00000120       0x12 C:/QNX650/host/win32/x86/usr/lib/gcc/arm-unknown-nto-qnx6.5.0/4.4.2//libgcc.a(_clz.o)
 .comment       0x00000132       0x12 C:/QNX650/host/win32/x86/usr/lib/gcc/arm-unknown-nto-qnx6.5.0/4.4.2//crtend.o

.debug
 *(.debug)

.line
 *(.line)

.debug_srcinfo
 *(.debug_srcinfo)

.debug_sfnames
 *(.debug_sfnames)

.debug_aranges  0x00000000       0x20
 *(.debug_aranges)
 .debug_aranges
                0x00000000       0x20 C:/QNX650/host/win32/x86/usr/lib/gcc/arm-unknown-nto-qnx6.5.0/4.4.2//libgcc.a(_udivdi3.o)

.debug_pubnames
                0x00000000       0x40
 *(.debug_pubnames)
 .debug_pubnames
                0x00000000       0x20 C:/QNX650/host/win32/x86/usr/lib/gcc/arm-unknown-nto-qnx6.5.0/4.4.2//libgcc.a(_udivdi3.o)
 .debug_pubnames
                0x00000020       0x20 C:/QNX650/host/win32/x86/usr/lib/gcc/arm-unknown-nto-qnx6.5.0/4.4.2//libgcc.a(_clz.o)

.debug_info     0x00000000      0x730
 *(.debug_info .gnu.linkonce.wi.*)
 .debug_info    0x00000000      0x66b C:/QNX650/host/win32/x86/usr/lib/gcc/arm-unknown-nto-qnx6.5.0/4.4.2//libgcc.a(_udivdi3.o)
 .debug_info    0x0000066b       0xc5 C:/QNX650/host/win32/x86/usr/lib/gcc/arm-unknown-nto-qnx6.5.0/4.4.2//libgcc.a(_clz.o)

.debug_abbrev   0x00000000      0x1e9
 *(.debug_abbrev)
 .debug_abbrev  0x00000000      0x17f C:/QNX650/host/win32/x86/usr/lib/gcc/arm-unknown-nto-qnx6.5.0/4.4.2//libgcc.a(_udivdi3.o)
 .debug_abbrev  0x0000017f       0x6a C:/QNX650/host/win32/x86/usr/lib/gcc/arm-unknown-nto-qnx6.5.0/4.4.2//libgcc.a(_clz.o)

.debug_line     0x00000000      0x135
 *(.debug_line)
 .debug_line    0x00000000       0xe7 C:/QNX650/host/win32/x86/usr/lib/gcc/arm-unknown-nto-qnx6.5.0/4.4.2//libgcc.a(_udivdi3.o)
 .debug_line    0x000000e7       0x4e C:/QNX650/host/win32/x86/usr/lib/gcc/arm-unknown-nto-qnx6.5.0/4.4.2//libgcc.a(_clz.o)

.debug_frame    0x00000000       0x70
 *(.debug_frame)
 .debug_frame   0x00000000       0x48 C:/QNX650/host/win32/x86/usr/lib/gcc/arm-unknown-nto-qnx6.5.0/4.4.2//libgcc.a(_udivdi3.o)
 .debug_frame   0x00000048       0x28 C:/QNX650/host/win32/x86/usr/lib/gcc/arm-unknown-nto-qnx6.5.0/4.4.2//libgcc.a(_umodsi3.o)

.debug_str      0x00000000      0x173
 *(.debug_str)
 .debug_str     0x00000000      0x173 C:/QNX650/host/win32/x86/usr/lib/gcc/arm-unknown-nto-qnx6.5.0/4.4.2//libgcc.a(_udivdi3.o)
                                0x1c7 (size before relaxing)
 .debug_str     0x00000000      0x14a C:/QNX650/host/win32/x86/usr/lib/gcc/arm-unknown-nto-qnx6.5.0/4.4.2//libgcc.a(_clz.o)

.debug_loc      0x00000000      0x6f2
 *(.debug_loc)
 .debug_loc     0x00000000      0x6f2 C:/QNX650/host/win32/x86/usr/lib/gcc/arm-unknown-nto-qnx6.5.0/4.4.2//libgcc.a(_udivdi3.o)

.debug_macinfo
 *(.debug_macinfo)

.debug_weaknames
 *(.debug_weaknames)

.debug_funcnames
 *(.debug_funcnames)

.debug_typenames
 *(.debug_typenames)

.debug_varnames
 *(.debug_varnames)

.debug_pubtypes
 *(.debug_pubtypes)

.debug_ranges   0x00000000      0x110
 *(.debug_ranges)
 .debug_ranges  0x00000000      0x110 C:/QNX650/host/win32/x86/usr/lib/gcc/arm-unknown-nto-qnx6.5.0/4.4.2//libgcc.a(_udivdi3.o)

.stack          0x00080000        0x0
                0x00080000                _stack = .
 *(.stack)

.gnu.attributes
 *(.gnu.attributes)

/DISCARD/
 *(.note.GNU-stack)
 *(.gnu_debuglink)
OUTPUT(D:/Study/Raspberry/QNX/ide-4.7-workspace/Bsp_Rasp/src/hardware/devb/mmcsd/arm/at91sam9g45.le/devb-mmcsd-at91sam9g45 elf32-littlearm)

.ARM.attributes
                0x00000000       0x10
 .ARM.attributes
                0x00000000       0x10 C:/QNX650/target/qnx6/armle/lib/crt1.o
 .ARM.attributes
                0x00000010       0x10 C:/QNX650/target/qnx6/armle/lib/crti.o
 .ARM.attributes
                0x00000020       0x10 C:/QNX650/host/win32/x86/usr/lib/gcc/arm-unknown-nto-qnx6.5.0/4.4.2//crtbegin.o
 .ARM.attributes
                0x00000030       0x10 mmcsd.o
 .ARM.attributes
                0x00000040       0x10 sim.o
 .ARM.attributes
                0x00000050       0x10 sim_at91sam9g45.o
 .ARM.attributes
                0x00000060       0x10 sim_at91sam9xx.o
 .ARM.attributes
                0x00000070       0x10 sim_bs.o
 .ARM.attributes
                0x00000080       0x10 sim_dra446.o
 .ARM.attributes
                0x00000090       0x10 sim_esdhc.o
 .ARM.attributes
                0x000000a0       0x10 sim_mmc.o
 .ARM.attributes
                0x000000b0       0x10 sim_mpc5125.o
 .ARM.attributes
                0x000000c0       0x10 sim_mx31.o
 .ARM.attributes
                0x000000d0       0x10 sim_mx35.o
 .ARM.attributes
                0x000000e0       0x10 sim_omap3.o
 .ARM.attributes
                0x000000f0       0x10 sim_sdhci.o
 .ARM.attributes
                0x00000100       0x10 sim_sta2x11.o
 .ARM.attributes
                0x00000110       0x10 C:/QNX650/host/win32/x86/usr/lib/gcc/arm-unknown-nto-qnx6.5.0/4.4.2//libgcc.a(_udivdi3.o)
 .ARM.attributes
                0x00000120       0x10 C:/QNX650/host/win32/x86/usr/lib/gcc/arm-unknown-nto-qnx6.5.0/4.4.2//libgcc.a(_umodsi3.o)
 .ARM.attributes
                0x00000130       0x10 C:/QNX650/host/win32/x86/usr/lib/gcc/arm-unknown-nto-qnx6.5.0/4.4.2//libgcc.a(_clz.o)
 .ARM.attributes
                0x00000140       0x10 C:/QNX650/host/win32/x86/usr/lib/gcc/arm-unknown-nto-qnx6.5.0/4.4.2//crtend.o
 .ARM.attributes
                0x00000150       0x10 C:/QNX650/target/qnx6/armle/lib/crtn.o
