Archive member included because of file (symbol)

D:/Study/Raspberry/QNX/ide-4.7-workspace/Bsp_Rasp/src/hardware/startup/lib/arm/a.le\libstartup.a(_main.o)
                              main.o (shdr)
D:/Study/Raspberry/QNX/ide-4.7-workspace/Bsp_Rasp/src/hardware/startup/lib/arm/a.le\libstartup.a(add_interrupt.o)
                              init_intrinfo.o (add_interrupt_array)
D:/Study/Raspberry/QNX/ide-4.7-workspace/Bsp_Rasp/src/hardware/startup/lib/arm/a.le\libstartup.a(alloc_qtime.o)
                              init_qtime_bcm2835.o (alloc_qtime)
D:/Study/Raspberry/QNX/ide-4.7-workspace/Bsp_Rasp/src/hardware/startup/lib/arm/a.le\libstartup.a(board_init.o)
                              D:/Study/Raspberry/QNX/ide-4.7-workspace/Bsp_Rasp/src/hardware/startup/lib/arm/a.le\libstartup.a(_main.o) (board_init)
D:/Study/Raspberry/QNX/ide-4.7-workspace/Bsp_Rasp/src/hardware/startup/lib/arm/a.le\libstartup.a(callout_debug_bcm2835.o)
                              main.o (display_char_bcm2835)
D:/Study/Raspberry/QNX/ide-4.7-workspace/Bsp_Rasp/src/hardware/startup/lib/arm/a.le\libstartup.a(callout_interrupt_bcm2835.o)
                              init_intrinfo.o (interrupt_id_bcm2835_aic)
D:/Study/Raspberry/QNX/ide-4.7-workspace/Bsp_Rasp/src/hardware/startup/lib/arm/a.le\libstartup.a(callout_reboot_at91sam9xx.o)
                              main.o (reboot_at91sam9xx)
D:/Study/Raspberry/QNX/ide-4.7-workspace/Bsp_Rasp/src/hardware/startup/lib/arm/a.le\libstartup.a(callout_timer_bcm2835.o)
                              init_qtime_bcm2835.o (timer_load_bcm2835)
D:/Study/Raspberry/QNX/ide-4.7-workspace/Bsp_Rasp/src/hardware/startup/lib/arm/a.le\libstartup.a(callouts.o)
                              D:/Study/Raspberry/QNX/ide-4.7-workspace/Bsp_Rasp/src/hardware/startup/lib/arm/a.le\libstartup.a(add_interrupt.o) (callout_register_data)
D:/Study/Raspberry/QNX/ide-4.7-workspace/Bsp_Rasp/src/hardware/startup/lib/arm/a.le\libstartup.a(common_options.o)
                              main.o (select_debug)
D:/Study/Raspberry/QNX/ide-4.7-workspace/Bsp_Rasp/src/hardware/startup/lib/arm/a.le\libstartup.a(cpu_common_options.o)
                              D:/Study/Raspberry/QNX/ide-4.7-workspace/Bsp_Rasp/src/hardware/startup/lib/arm/a.le\libstartup.a(common_options.o) (cpu_handle_common_option)
D:/Study/Raspberry/QNX/ide-4.7-workspace/Bsp_Rasp/src/hardware/startup/lib/arm/a.le\libstartup.a(cpu_startup.o)
                              D:/Study/Raspberry/QNX/ide-4.7-workspace/Bsp_Rasp/src/hardware/startup/lib/arm/a.le\libstartup.a(_main.o) (cpu_startup)
D:/Study/Raspberry/QNX/ide-4.7-workspace/Bsp_Rasp/src/hardware/startup/lib/arm/a.le\libstartup.a(cstart.o)
                              D:/Study/Raspberry/QNX/ide-4.7-workspace/Bsp_Rasp/src/hardware/startup/lib/arm/a.le\libstartup.a(_main.o) (boot_args)
D:/Study/Raspberry/QNX/ide-4.7-workspace/Bsp_Rasp/src/hardware/startup/lib/arm/a.le\libstartup.a(debug.o)
                              main.o (print_syspage)
D:/Study/Raspberry/QNX/ide-4.7-workspace/Bsp_Rasp/src/hardware/startup/lib/arm/a.le\libstartup.a(getopt.o)
                              main.o (getopt)
D:/Study/Raspberry/QNX/ide-4.7-workspace/Bsp_Rasp/src/hardware/startup/lib/arm/a.le\libstartup.a(getsize.o)
                              D:/Study/Raspberry/QNX/ide-4.7-workspace/Bsp_Rasp/src/hardware/startup/lib/arm/a.le\libstartup.a(common_options.o) (getsize)
D:/Study/Raspberry/QNX/ide-4.7-workspace/Bsp_Rasp/src/hardware/startup/lib/arm/a.le\libstartup.a(hw_serbcm2835debug.o)
                              main.o (put_bcm2835)
D:/Study/Raspberry/QNX/ide-4.7-workspace/Bsp_Rasp/src/hardware/startup/lib/arm/a.le\libstartup.a(hwi_add_nanospin.o)
                              D:/Study/Raspberry/QNX/ide-4.7-workspace/Bsp_Rasp/src/hardware/startup/lib/arm/a.le\libstartup.a(common_options.o) (hwi_add_nanospin)
D:/Study/Raspberry/QNX/ide-4.7-workspace/Bsp_Rasp/src/hardware/startup/lib/arm/a.le\libstartup.a(hwi_alloc.o)
                              D:/Study/Raspberry/QNX/ide-4.7-workspace/Bsp_Rasp/src/hardware/startup/lib/arm/a.le\libstartup.a(hwi_add_nanospin.o) (hwi_alloc_tag)
D:/Study/Raspberry/QNX/ide-4.7-workspace/Bsp_Rasp/src/hardware/startup/lib/arm/a.le\libstartup.a(init_cacheattr.o)
                              main.o (init_cacheattr)
D:/Study/Raspberry/QNX/ide-4.7-workspace/Bsp_Rasp/src/hardware/startup/lib/arm/a.le\libstartup.a(init_cpuinfo.o)
                              main.o (init_cpuinfo)
D:/Study/Raspberry/QNX/ide-4.7-workspace/Bsp_Rasp/src/hardware/startup/lib/arm/a.le\libstartup.a(init_mmu.o)
                              main.o (init_mmu)
D:/Study/Raspberry/QNX/ide-4.7-workspace/Bsp_Rasp/src/hardware/startup/lib/arm/a.le\libstartup.a(init_system_private.o)
                              main.o (init_system_private)
D:/Study/Raspberry/QNX/ide-4.7-workspace/Bsp_Rasp/src/hardware/startup/lib/arm/a.le\libstartup.a(jtag.o)
[...]
Memory Configuration

Name             Origin             Length             Attributes
*default*        0x00000000         0xffffffff

Linker script and memory map

LOAD init_asinfo.o
LOAD init_hwinfo.o
LOAD init_intrinfo.o
LOAD init_pio.o
LOAD init_qtime_bcm2835.o
LOAD init_raminfo.o
LOAD main.o
LOAD rtc_time.o
LOAD D:/Study/Raspberry/QNX/ide-4.7-workspace/Bsp_Rasp/src/hardware/startup/lib/arm/a.le\libstartup.a
LOAD C:/QNX650/target/qnx6/armle/usr/lib\liblzo.a
LOAD C:/QNX650/target/qnx6/armle/usr/lib\libucl.a
LOAD C:/QNX650/target/qnx6/armle/usr/lib\libdrvr.a
LOAD C:/QNX650/host/win32/x86/usr/lib/gcc/arm-unknown-nto-qnx6.5.0/4.4.2//libgcc.a
LOAD C:/QNX650/target/qnx6/armle/lib\libc.a
LOAD C:/QNX650/target/qnx6/armle/lib\libc.a
LOAD C:/QNX650/host/win32/x86/usr/lib/gcc/arm-unknown-nto-qnx6.5.0/4.4.2//libgcc.a

.interp
 *(.interp)

.note.gnu.build-id
 *(.note.gnu.build-id)

.hash
 *(.hash)

.gnu.hash
 *(.gnu.hash)

.dynsym
 *(.dynsym)

.dynstr
 *(.dynstr)

.gnu.version
 *(.gnu.version)

.gnu.version_d
 *(.gnu.version_d)

.gnu.version_r
 *(.gnu.version_r)

.rel.init
 *(.rel.init)

.rela.init
 *(.rela.init)

.rel.text
 *(.rel.text)

.rela.text
 *(.rela.text)

.rel.fini
 *(.rel.fini)

.rela.fini
 *(.rela.fini)

.rel.rodata
 *(.rel.rodata)

.rela.rodata
 *(.rela.rodata)

.rel.data.rel.ro
 *(.rel.data.rel.ro)

.rela.data.rel.ro
 *(.rela.data.rel.ro)

.rel.data
 *(.rel.data)

.rela.data
 *(.rela.data)

.rel.tdata
 *(.rel.tdata)

.rela.tdata
 *(.rela.tdata)

.rel.tbss
 *(.rel.tbss)

.rela.tbss
 *(.rela.tbss)

.rel.ctors
 *(.rel.ctors)

.rela.ctors
 *(.rela.ctors)

.rel.dtors
 *(.rel.dtors)

.rela.dtors
 *(.rela.dtors)

.rel.got
 *(.rel.got)

.rela.got
 *(.rela.got)

.rel.bss
 *(.rel.bss)

.rela.bss
 *(.rela.bss)

.rel.plt
 *(.rel.plt)

.rela.plt
 *(.rela.plt)

.init
 *(.init)

.plt
 *(.plt)

.text           0x00000000     0xb7d8
 *(.text .stub)
 .text          0x00000000        0x4 init_asinfo.o
                0x00000000                init_asinfo
 .text          0x00000004       0x24 init_hwinfo.o
                0x00000004                get_board_name
                0x00000024                init_hwinfo
 .text          0x00000028       0x38 init_intrinfo.o
                0x00000028                init_intrinfo
 .text          0x00000060       0x28 init_pio.o
                0x00000060                pio_init
 .text          0x00000088       0xd8 init_qtime_bcm2835.o
                0x000000b4                init_qtime_bcm2835
 .text          0x00000160        0xc init_raminfo.o
                0x00000160                init_raminfo
 .text          0x0000016c      0x150 main.o
                0x0000016c                BCM2835_clock
                0x00000178                main
 .text          0x000002bc        0x0 rtc_time.o
 .text          0x000002bc      0x1ac D:/Study/Raspberry/QNX/ide-4.7-workspace/Bsp_Rasp/src/hardware/startup/lib/arm/a.le\libstartup.a(_main.o)
                0x000002f4                __stackavail
                0x000002fc                abort
                0x000002e8                __get_errno_ptr
                0x000002bc                strlen
                0x00000318                _main
 .text          0x00000468      0x1ac D:/Study/Raspberry/QNX/ide-4.7-workspace/Bsp_Rasp/src/hardware/startup/lib/arm/a.le\libstartup.a(add_interrupt.o)
                0x00000468                add_interrupt
                0x00000540                add_interrupt_array
 .text          0x00000614       0x8c D:/Study/Raspberry/QNX/ide-4.7-workspace/Bsp_Rasp/src/hardware/startup/lib/arm/a.le\libstartup.a(alloc_qtime.o)
                0x00000614                alloc_qtime
 .text          0x000006a0        0x4 D:/Study/Raspberry/QNX/ide-4.7-workspace/Bsp_Rasp/src/hardware/startup/lib/arm/a.le\libstartup.a(board_init.o)
                0x000006a0                board_init
 .text          0x000006a4       0xc8 D:/Study/Raspberry/QNX/ide-4.7-workspace/Bsp_Rasp/src/hardware/startup/lib/arm/a.le\libstartup.a(callout_debug_bcm2835.o)
                0x000006e8                display_char_bcm2835
                0x00000748                break_detect_bcm2835
                0x00000718                poll_key_bcm2835
 .text          0x0000076c      0x1b0 D:/Study/Raspberry/QNX/ide-4.7-workspace/Bsp_Rasp/src/hardware/startup/lib/arm/a.le\libstartup.a(callout_interrupt_bcm2835.o)
                0x00000820                interrupt_eoi_bcm2835_aic
                0x000007ac                interrupt_id_bcm2835_aic
                0x00000874                interrupt_mask_bcm2835_aic
                0x000008c8                interrupt_unmask_bcm2835_aic
 .text          0x0000091c       0x70 D:/Study/Raspberry/QNX/ide-4.7-workspace/Bsp_Rasp/src/hardware/startup/lib/arm/a.le\libstartup.a(callout_reboot_at91sam9xx.o)
                0x0000095c                reboot_at91sam9xx
 .text          0x0000098c       0xf0 D:/Study/Raspberry/QNX/ide-4.7-workspace/Bsp_Rasp/src/hardware/startup/lib/arm/a.le\libstartup.a(callout_timer_bcm2835.o)
                0x00000a30                timer_reload_bcm2835
                0x000009cc                timer_load_bcm2835
                0x00000a04                timer_value_bcm2835
 .text          0x00000a7c      0x490 D:/Study/Raspberry/QNX/ide-4.7-workspace/Bsp_Rasp/src/hardware/startup/lib/arm/a.le\libstartup.a(callouts.o)
                0x00000a7c                output_callouts
                0x00000ae0                callout_reloc_data
                0x00000ca4                add_callout_array
                0x00000c30                add_callout
                0x00000ba4                callout_register_data
                0x00000cdc                callout_output_one
 .text          0x00000f0c      0x73c D:/Study/Raspberry/QNX/ide-4.7-workspace/Bsp_Rasp/src/hardware/startup/lib/arm/a.le\libstartup.a(common_options.o)
                0x00000f0c                set_debug
                0x000010f8                select_debug
                0x00001284                handle_common_option
 .text          0x00001648       0x2c D:/Study/Raspberry/QNX/ide-4.7-workspace/Bsp_Rasp/src/hardware/startup/lib/arm/a.le\libstartup.a(cpu_common_options.o)
                0x00001648                cpu_handle_common_option
 .text          0x00001674       0x38 D:/Study/Raspberry/QNX/ide-4.7-workspace/Bsp_Rasp/src/hardware/startup/lib/arm/a.le\libstartup.a(cpu_startup.o)
                0x00001674                cpu_startup
 .text          0x000016ac       0x44 D:/Study/Raspberry/QNX/ide-4.7-workspace/Bsp_Rasp/src/hardware/startup/lib/arm/a.le\libstartup.a(cstart.o)
                0x000016ac                _start
 .text          0x000016f0       0x98 D:/Study/Raspberry/QNX/ide-4.7-workspace/Bsp_Rasp/src/hardware/startup/lib/arm/a.le\libstartup.a(debug.o)
                0x000016f0                print_syspage
 .text          0x00001788      0x14c D:/Study/Raspberry/QNX/ide-4.7-workspace/Bsp_Rasp/src/hardware/startup/lib/arm/a.le\libstartup.a(getopt.o)
                0x00001788                getopt
 .text          0x000018d4      0x100 D:/Study/Raspberry/QNX/ide-4.7-workspace/Bsp_Rasp/src/hardware/startup/lib/arm/a.le\libstartup.a(getsize.o)
                0x000018d4                getsize
 .text          0x000019d4      0x1bc D:/Study/Raspberry/QNX/ide-4.7-workspace/Bsp_Rasp/src/hardware/startup/lib/arm/a.le\libstartup.a(hw_serbcm2835debug.o)
                0x000019d4                put_bcm2835
                0x00001af4                init_bcm2835_debug
 .text          0x00001b90       0x50 D:/Study/Raspberry/QNX/ide-4.7-workspace/Bsp_Rasp/src/hardware/startup/lib/arm/a.le\libstartup.a(hwi_add_nanospin.o)
                0x00001b90                hwi_add_nanospin
 .text          0x00001be0      0x1d4 D:/Study/Raspberry/QNX/ide-4.7-workspace/Bsp_Rasp/src/hardware/startup/lib/arm/a.le\libstartup.a(hwi_alloc.o)
                0x00001c60                hwi_alloc_tag
                0x00001c04                hwi_grow_tag
                0x00001d04                hwi_alloc_item
                0x00001be0                __hwi_find_string
                0x00001bf4                __hwi_base
 .text          0x00001db4        0x4 D:/Study/Raspberry/QNX/ide-4.7-workspace/Bsp_Rasp/src/hardware/startup/lib/arm/a.le\libstartup.a(init_cacheattr.o)
                0x00001db4                init_cacheattr
 .text          0x00001db8      0x348 D:/Study/Raspberry/QNX/ide-4.7-workspace/Bsp_Rasp/src/hardware/startup/lib/arm/a.le\libstartup.a(init_cpuinfo.o)
                0x00002024                init_cpuinfo
                0x00001db8                init_one_cpuinfo
 .text          0x00002100      0x230 D:/Study/Raspberry/QNX/ide-4.7-workspace/Bsp_Rasp/src/hardware/startup/lib/arm/a.le\libstartup.a(init_mmu.o)
                0x00002100                init_mmu
 .text          0x00002330      0x964 D:/Study/Raspberry/QNX/ide-4.7-workspace/Bsp_Rasp/src/hardware/startup/lib/arm/a.le\libstartup.a(init_system_private.o)
                0x0000235c                init_system_private
 .text          0x00002c94       0xb8 D:/Study/Raspberry/QNX/ide-4.7-workspace/Bsp_Rasp/src/hardware/startup/lib/arm/a.le\libstartup.a(jtag.o)
                0x00002c94                jtag_store_syspage_addr
                0x00002cf4                jtag_reserve_memory
                0x00002cdc                jtag_reserve_syspage_addr
 .text          0x00002d4c      0x44c D:/Study/Raspberry/QNX/ide-4.7-workspace/Bsp_Rasp/src/hardware/startup/lib/arm/a.le\libstartup.a(kprintf.o)
                0x000030c0                get_print_char
                0x000030b0                set_print_char
                0x000030d0                ksprintf
                0x00003164                crash
                0x00003134                kprintf
 .text          0x00003198      0x120 D:/Study/Raspberry/QNX/ide-4.7-workspace/Bsp_Rasp/src/hardware/startup/lib/arm/a.le\libstartup.a(load_ifs.o)
                0x00003198                load_ifs
 .text          0x000032b8       0x10 D:/Study/Raspberry/QNX/ide-4.7-workspace/Bsp_Rasp/src/hardware/startup/lib/arm/a.le\libstartup.a(map_callout_io.o)
                0x000032b8                callout_io_map
 .text          0x000032c8        0xc D:/Study/Raspberry/QNX/ide-4.7-workspace/Bsp_Rasp/src/hardware/startup/lib/arm/a.le\libstartup.a(map_startup_io.o)
                0x000032c8                startup_io_map
                0x000032d0                startup_io_unmap
 .text          0x000032d4        0xc D:/Study/Raspberry/QNX/ide-4.7-workspace/Bsp_Rasp/src/hardware/startup/lib/arm/a.le\libstartup.a(map_startup_mem.o)
                0x000032d4                startup_memory_map
                0x000032dc                startup_memory_unmap
 .text          0x000032e0       0xcc D:/Study/Raspberry/QNX/ide-4.7-workspace/Bsp_Rasp/src/hardware/startup/lib/arm/a.le\libstartup.a(memfuncs.o)
                0x000032e0                copy_memory
 .text          0x000033ac       0x60 D:/Study/Raspberry/QNX/ide-4.7-workspace/Bsp_Rasp/src/hardware/startup/lib/arm/a.le\libstartup.a(memmove.o)
                0x000033ac                memmove
 .text          0x0000340c      0xa5c D:/Study/Raspberry/QNX/ide-4.7-workspace/Bsp_Rasp/src/hardware/startup/lib/arm/a.le\libstartup.a(print_sysp.o)
                0x0000340c                print_syspage_sections
                0x00003920                print_qtime
                0x00003d30                print_strings
                0x00003a48                print_meminfo
                0x00003dfc                print_typed_strings
                0x000039b0                print_asinfo
                0x000036c8                print_intrinfo
                0x000036a0                print_smp
                0x00003c18                print_hwinfo
                0x00003798                print_callout
                0x00003b98                print_syspage_enable
                0x0000367c                print_pminfo
                0x00003600                print_mdriver
                0x00003820                print_cacheattr
                0x00003898                print_cpuinfo
                0x00003ad4                print_system_private
 .text          0x00003e68     0x10a8 D:/Study/Raspberry/QNX/ide-4.7-workspace/Bsp_Rasp/src/hardware/startup/lib/arm/a.le\libstartup.a(ram.o)
                0x000040dc                find_ram_in_range
                0x0000455c                watch_add_ram
                0x000045bc                add_sysram
                0x000044f4                avoid_ram
                0x00003e68                find_top_ram_aligned
                0x00004ebc                calloc_ram
                0x00004d7c                add_ram
                0x00004ce8                reserve_ram
                0x00004864                alloc_ram
                0x000040c4                find_top_ram
                0x00004388                find_ram
                0x000043b8                ws_alloc
 .text          0x00004f10      0xa94 D:/Study/Raspberry/QNX/ide-4.7-workspace/Bsp_Rasp/src/hardware/startup/lib/arm/a.le\libstartup.a(restore_ifs.o)
                0x000050a8                rifs_restore_ifs2
                0x00005208                rifs_save_elf32data
                0x00005924                load_ifs2_nonbootable
                0x000053e0                rifs_restore_ifs
                0x000057e4                rifs_load_ifs2
                0x00004fac                rifs_set_cksum
 .text          0x000059a4        0x8 D:/Study/Raspberry/QNX/ide-4.7-workspace/Bsp_Rasp/src/hardware/startup/lib/arm/a.le\libstartup.a(rtc_time.o)
                0x000059a4                rtc_time
 .text          0x000059ac       0x90 D:/Study/Raspberry/QNX/ide-4.7-workspace/Bsp_Rasp/src/hardware/startup/lib/arm/a.le\libstartup.a(startnext.o)
                0x000059ac                startnext
 .text          0x00005a3c       0x64 D:/Study/Raspberry/QNX/ide-4.7-workspace/Bsp_Rasp/src/hardware/startup/lib/arm/a.le\libstartup.a(startup_info.o)
                0x00005a3c                find_startup_info
 .text          0x00005aa0      0x26c D:/Study/Raspberry/QNX/ide-4.7-workspace/Bsp_Rasp/src/hardware/startup/lib/arm/a.le\libstartup.a(strings.o)
                0x00005b1c                del_typed_string
                0x00005aa0                find_typed_string
                0x00005c90                add_typed_string
                0x00005bcc                add_string
 .text          0x00005d0c      0x108 D:/Study/Raspberry/QNX/ide-4.7-workspace/Bsp_Rasp/src/hardware/startup/lib/arm/a.le\libstartup.a(strtoul.o)
                0x00005e10                strtoul
                0x00005d0c                strtopaddr
 .text          0x00005e14      0x4f0 D:/Study/Raspberry/QNX/ide-4.7-workspace/Bsp_Rasp/src/hardware/startup/lib/arm/a.le\libstartup.a(syspage_memory.o)
                0x00005e68                alloc_syspage_memory
                0x00006104                grow_syspage_section
                0x0000609c                reloc_syspage_memory
                0x00006234                init_syspage_memory
                0x00005e14                write_syspage_memory
                0x00006200                set_syspage_section
 .text          0x00006304        0x4 D:/Study/Raspberry/QNX/ide-4.7-workspace/Bsp_Rasp/src/hardware/startup/lib/arm/a.le\libstartup.a(tweak_cmdline.o)
                0x00006304                tweak_cmdline
 .text          0x00006308       0x90 D:/Study/Raspberry/QNX/ide-4.7-workspace/Bsp_Rasp/src/hardware/startup/lib/arm/a.le\libstartup.a(uncompress.o)
                0x00006308                uncompress
 .text          0x00006398       0xac D:/Study/Raspberry/QNX/ide-4.7-workspace/Bsp_Rasp/src/hardware/startup/lib/arm/a.le\libstartup.a(uncompress_ucl.o)
                0x00006398                uncompress_ucl
 .text          0x00006444      0x4f8 D:/Study/Raspberry/QNX/ide-4.7-workspace/Bsp_Rasp/src/hardware/startup/lib/arm/a.le\libstartup.a(arm_cache.o)
                0x0000664c                arm_add_cache
                0x00006444                arm_v7_add_cache
 .text          0x0000693c      0x118 D:/Study/Raspberry/QNX/ide-4.7-workspace/Bsp_Rasp/src/hardware/startup/lib/arm/a.le\libstartup.a(arm_cpuspeed.o)
                0x0000693c                arm_cpuspeed
 .text          0x00006a54      0x5cc D:/Study/Raspberry/QNX/ide-4.7-workspace/Bsp_Rasp/src/hardware/startup/lib/arm/a.le\libstartup.a(arm_map.o)
                0x00006e58                arm_map
                0x00006dcc                arm_map_cpu
                0x00006d5c                elf_vaddr_to_paddr
                0x00006bc4                map_ptbl
                0x00006c1c                arm_pdmap
                0x00006c7c                arm_scmap
                0x00006d04                arm_scunmap
 .text          0x00007020      0x174 D:/Study/Raspberry/QNX/ide-4.7-workspace/Bsp_Rasp/src/hardware/startup/lib/arm/a.le\libstartup.a(arm_pte.o)
                0x00007020                arm_pte_setup
 .text          0x00007194       0xa8 D:/Study/Raspberry/QNX/ide-4.7-workspace/Bsp_Rasp/src/hardware/startup/lib/arm/a.le\libstartup.a(armv_chip_detect.o)
                0x00007194                armv_chip_detect
 .text          0x0000723c        0x0 D:/Study/Raspberry/QNX/ide-4.7-workspace/Bsp_Rasp/src/hardware/startup/lib/arm/a.le\libstartup.a(armv_list.o)
 .text          0x0000723c       0x3c D:/Study/Raspberry/QNX/ide-4.7-workspace/Bsp_Rasp/src/hardware/startup/lib/arm/a.le\libstartup.a(as_add.o)
                0x0000723c                as_add
 .text          0x00007278       0xd8 D:/Study/Raspberry/QNX/ide-4.7-workspace/Bsp_Rasp/src/hardware/startup/lib/arm/a.le\libstartup.a(as_add64.o)
                0x00007278                as_add64
 .text          0x00007350      0x32c D:/Study/Raspberry/QNX/ide-4.7-workspace/Bsp_Rasp/src/hardware/startup/lib/arm/a.le\libstartup.a(as_add_containing.o)
                0x00007350                as_add_containing
 .text          0x0000767c       0x38 D:/Study/Raspberry/QNX/ide-4.7-workspace/Bsp_Rasp/src/hardware/startup/lib/arm/a.le\libstartup.a(as_default.o)
                0x0000767c                as_default
 .text          0x000076b4      0x140 D:/Study/Raspberry/QNX/ide-4.7-workspace/Bsp_Rasp/src/hardware/startup/lib/arm/a.le\libstartup.a(as_find.o)
                0x000076b4                as_find
 .text          0x000077f4      0x150 D:/Study/Raspberry/QNX/ide-4.7-workspace/Bsp_Rasp/src/hardware/startup/lib/arm/a.le\libstartup.a(as_find_containing.o)
                0x000077f4                as_find_containing
 .text          0x00007944       0x14 D:/Study/Raspberry/QNX/ide-4.7-workspace/Bsp_Rasp/src/hardware/startup/lib/arm/a.le\libstartup.a(as_off2info.o)
                0x00007944                as_off2info
 .text          0x00007958        0x4 D:/Study/Raspberry/QNX/ide-4.7-workspace/Bsp_Rasp/src/hardware/startup/lib/arm/a.le\libstartup.a(board_cpu_startup.o)
                0x00007958                board_cpu_startup
 .text          0x0000795c       0xc4 D:/Study/Raspberry/QNX/ide-4.7-workspace/Bsp_Rasp/src/hardware/startup/lib/arm/a.le\libstartup.a(cpu_startnext.o)
                0x0000795c                cpu_startnext
 .text          0x00007a20      0x1ec D:/Study/Raspberry/QNX/ide-4.7-workspace/Bsp_Rasp/src/hardware/startup/lib/arm/a.le\libstartup.a(cpu_syspage_memory.o)
                0x00007a24                cpu_alloc_syspage_memory
                0x00007a20                cpu_write_syspage_memory
                0x00007bfc                cpu_init_syspage_memory
 .text          0x00007c0c        0x4 D:/Study/Raspberry/QNX/ide-4.7-workspace/Bsp_Rasp/src/hardware/startup/lib/arm/a.le\libstartup.a(crash_done.o)
                0x00007c0c                crash_done
 .text          0x00007c10        0x4 D:/Study/Raspberry/QNX/ide-4.7-workspace/Bsp_Rasp/src/hardware/startup/lib/arm/a.le\libstartup.a(dummy_print_char.o)
                0x00007c10                dummy_print_char
 .text          0x00007c14      0x390 D:/Study/Raspberry/QNX/ide-4.7-workspace/Bsp_Rasp/src/hardware/startup/lib/arm/a.le\libstartup.a(elf.o)
                0x00007c14                is_elf
                0x00007cd4                load_elf32
 .text          0x00007fa4      0x254 D:/Study/Raspberry/QNX/ide-4.7-workspace/Bsp_Rasp/src/hardware/startup/lib/arm/a.le\libstartup.a(elf_map.o)
                0x00007fa4                elf_map
 .text          0x000081f8       0xec D:/Study/Raspberry/QNX/ide-4.7-workspace/Bsp_Rasp/src/hardware/startup/lib/arm/a.le\libstartup.a(hwi_add_device.o)
                0x000081f8                hwi_add_device
 .text          0x000082e4       0x60 D:/Study/Raspberry/QNX/ide-4.7-workspace/Bsp_Rasp/src/hardware/startup/lib/arm/a.le\libstartup.a(hwi_default.o)
                0x000082e4                hwi_default
 .text          0x00008344        0x0 D:/Study/Raspberry/QNX/ide-4.7-workspace/Bsp_Rasp/src/hardware/startup/lib/arm/a.le\libstartup.a(mdriver_max.o)
 .text          0x00008344      0x140 D:/Study/Raspberry/QNX/ide-4.7-workspace/Bsp_Rasp/src/hardware/startup/lib/arm/a.le\libstartup.a(memcpy.o)
                0x00008344                memcpy
 .text          0x00008484       0x28 D:/Study/Raspberry/QNX/ide-4.7-workspace/Bsp_Rasp/src/hardware/startup/lib/arm/a.le\libstartup.a(timer_ns2tick.o)
                0x00008484                timer_ns2tick
 .text          0x000084ac       0x98 D:/Study/Raspberry/QNX/ide-4.7-workspace/Bsp_Rasp/src/hardware/startup/lib/arm/a.le\libstartup.a(timer_tick2ns.o)
                0x000084ac                timer_tick2ns
 *fill*         0x00008544       0x1c 00000000
 .text          0x00008560       0x80 D:/Study/Raspberry/QNX/ide-4.7-workspace/Bsp_Rasp/src/hardware/startup/lib/arm/a.le\libstartup.a(vstart_v4.o)
                0x00008560                vstart_v4
 .text          0x000085e0      0x18c D:/Study/Raspberry/QNX/ide-4.7-workspace/Bsp_Rasp/src/hardware/startup/lib/arm/a.le\libstartup.a(add_cache.o)
                0x000086e8                add_cache
                0x000085e0                add_cache_ways
 .text          0x0000876c        0x0 D:/Study/Raspberry/QNX/ide-4.7-workspace/Bsp_Rasp/src/hardware/startup/lib/arm/a.le\libstartup.a(armv_chip_1020.o)
 .text          0x0000876c        0x0 D:/Study/Raspberry/QNX/ide-4.7-workspace/Bsp_Rasp/src/hardware/startup/lib/arm/a.le\libstartup.a(armv_chip_1022.o)
 .text          0x0000876c        0x0 D:/Study/Raspberry/QNX/ide-4.7-workspace/Bsp_Rasp/src/hardware/startup/lib/arm/a.le\libstartup.a(armv_chip_1136.o)
 .text          0x0000876c        0x0 D:/Study/Raspberry/QNX/ide-4.7-workspace/Bsp_Rasp/src/hardware/startup/lib/arm/a.le\libstartup.a(armv_chip_1176.o)
 .text          0x0000876c        0x0 D:/Study/Raspberry/QNX/ide-4.7-workspace/Bsp_Rasp/src/hardware/startup/lib/arm/a.le\libstartup.a(armv_chip_1200.o)
 .text          0x0000876c        0x0 D:/Study/Raspberry/QNX/ide-4.7-workspace/Bsp_Rasp/src/hardware/startup/lib/arm/a.le\libstartup.a(armv_chip_23xx.o)
 .text          0x0000876c        0x0 D:/Study/Raspberry/QNX/ide-4.7-workspace/Bsp_Rasp/src/hardware/startup/lib/arm/a.le\libstartup.a(armv_chip_2400.o)
 .text          0x0000876c        0x0 D:/Study/Raspberry/QNX/ide-4.7-workspace/Bsp_Rasp/src/hardware/startup/lib/arm/a.le\libstartup.a(armv_chip_2800.o)
 .text          0x0000876c        0x0 D:/Study/Raspberry/QNX/ide-4.7-workspace/Bsp_Rasp/src/hardware/startup/lib/arm/a.le\libstartup.a(armv_chip_425.o)
 .text          0x0000876c        0x0 D:/Study/Raspberry/QNX/ide-4.7-workspace/Bsp_Rasp/src/hardware/startup/lib/arm/a.le\libstartup.a(armv_chip_465.o)
 .text          0x0000876c        0x0 D:/Study/Raspberry/QNX/ide-4.7-workspace/Bsp_Rasp/src/hardware/startup/lib/arm/a.le\libstartup.a(armv_chip_720.o)
 .text          0x0000876c        0x0 D:/Study/Raspberry/QNX/ide-4.7-workspace/Bsp_Rasp/src/hardware/startup/lib/arm/a.le\libstartup.a(armv_chip_80200.o)
 .text          0x0000876c        0x0 D:/Study/Raspberry/QNX/ide-4.7-workspace/Bsp_Rasp/src/hardware/startup/lib/arm/a.le\libstartup.a(armv_chip_920.o)
 .text          0x0000876c        0x0 D:/Study/Raspberry/QNX/ide-4.7-workspace/Bsp_Rasp/src/hardware/startup/lib/arm/a.le\libstartup.a(armv_chip_922.o)
 .text          0x0000876c        0x0 D:/Study/Raspberry/QNX/ide-4.7-workspace/Bsp_Rasp/src/hardware/startup/lib/arm/a.le\libstartup.a(armv_chip_925.o)
 .text          0x0000876c        0x0 D:/Study/Raspberry/QNX/ide-4.7-workspace/Bsp_Rasp/src/hardware/startup/lib/arm/a.le\libstartup.a(armv_chip_926.o)
 .text          0x0000876c        0x0 D:/Study/Raspberry/QNX/ide-4.7-workspace/Bsp_Rasp/src/hardware/startup/lib/arm/a.le\libstartup.a(armv_chip_a15.o)
 .text          0x0000876c        0x0 D:/Study/Raspberry/QNX/ide-4.7-workspace/Bsp_Rasp/src/hardware/startup/lib/arm/a.le\libstartup.a(armv_chip_a8.o)
 .text          0x0000876c        0x0 D:/Study/Raspberry/QNX/ide-4.7-workspace/Bsp_Rasp/src/hardware/startup/lib/arm/a.le\libstartup.a(armv_chip_a9.o)
 .text          0x0000876c        0x0 D:/Study/Raspberry/QNX/ide-4.7-workspace/Bsp_Rasp/src/hardware/startup/lib/arm/a.le\libstartup.a(armv_chip_mp11.o)
 .text          0x0000876c        0x0 D:/Study/Raspberry/QNX/ide-4.7-workspace/Bsp_Rasp/src/hardware/startup/lib/arm/a.le\libstartup.a(armv_chip_pxa210b.o)
 .text          0x0000876c        0x0 D:/Study/Raspberry/QNX/ide-4.7-workspace/Bsp_Rasp/src/hardware/startup/lib/arm/a.le\libstartup.a(armv_chip_pxa210c.o)
 .text          0x0000876c        0x0 D:/Study/Raspberry/QNX/ide-4.7-workspace/Bsp_Rasp/src/hardware/startup/lib/arm/a.le\libstartup.a(armv_chip_pxa250a.o)
 .text          0x0000876c        0x0 D:/Study/Raspberry/QNX/ide-4.7-workspace/Bsp_Rasp/src/hardware/startup/lib/arm/a.le\libstartup.a(armv_chip_pxa250b.o)
 .text          0x0000876c        0x0 D:/Study/Raspberry/QNX/ide-4.7-workspace/Bsp_Rasp/src/hardware/startup/lib/arm/a.le\libstartup.a(armv_chip_pxa255.o)
 .text          0x0000876c        0x0 D:/Study/Raspberry/QNX/ide-4.7-workspace/Bsp_Rasp/src/hardware/startup/lib/arm/a.le\libstartup.a(armv_chip_pxa270.o)
 .text          0x0000876c        0x0 D:/Study/Raspberry/QNX/ide-4.7-workspace/Bsp_Rasp/src/hardware/startup/lib/arm/a.le\libstartup.a(armv_chip_sa1100.o)
 .text          0x0000876c        0x0 D:/Study/Raspberry/QNX/ide-4.7-workspace/Bsp_Rasp/src/hardware/startup/lib/arm/a.le\libstartup.a(armv_chip_sa1110.o)
 .text          0x0000876c        0x0 D:/Study/Raspberry/QNX/ide-4.7-workspace/Bsp_Rasp/src/hardware/startup/lib/arm/a.le\libstartup.a(armv_chip_sheeva.o)
 .text          0x0000876c       0x28 D:/Study/Raspberry/QNX/ide-4.7-workspace/Bsp_Rasp/src/hardware/startup/lib/arm/a.le\libstartup.a(armv_detect_a9.o)
                0x0000876c                armv_detect_a9
 .text          0x00008794       0xd8 D:/Study/Raspberry/QNX/ide-4.7-workspace/Bsp_Rasp/src/hardware/startup/lib/arm/a.le\libstartup.a(armv_detect_sheeva.o)
                0x00008800                armv_sheeva_wmmx_detect
                0x00008794                armv_detect_sheeva
                0x000087d4                armv_sheeva_errata_check
 .text          0x0000886c        0x0 D:/Study/Raspberry/QNX/ide-4.7-workspace/Bsp_Rasp/src/hardware/startup/lib/arm/a.le\libstartup.a(armv_pte_ixp2xxx.o)
 .text          0x0000886c        0x0 D:/Study/Raspberry/QNX/ide-4.7-workspace/Bsp_Rasp/src/hardware/startup/lib/arm/a.le\libstartup.a(armv_pte_v4wb.o)
 .text          0x0000886c        0x0 D:/Study/Raspberry/QNX/ide-4.7-workspace/Bsp_Rasp/src/hardware/startup/lib/arm/a.le\libstartup.a(armv_pte_v4wt.o)
 .text          0x0000886c        0x0 D:/Study/Raspberry/QNX/ide-4.7-workspace/Bsp_Rasp/src/hardware/startup/lib/arm/a.le\libstartup.a(armv_pte_v5wa.o)
 .text          0x0000886c        0x0 D:/Study/Raspberry/QNX/ide-4.7-workspace/Bsp_Rasp/src/hardware/startup/lib/arm/a.le\libstartup.a(armv_pte_v5wb.o)
 .text          0x0000886c        0x0 D:/Study/Raspberry/QNX/ide-4.7-workspace/Bsp_Rasp/src/hardware/startup/lib/arm/a.le\libstartup.a(armv_pte_v5wt.o)
 .text          0x0000886c        0x0 D:/Study/Raspberry/QNX/ide-4.7-workspace/Bsp_Rasp/src/hardware/startup/lib/arm/a.le\libstartup.a(armv_pte_v6mp.o)
 .text          0x0000886c        0x0 D:/Study/Raspberry/QNX/ide-4.7-workspace/Bsp_Rasp/src/hardware/startup/lib/arm/a.le\libstartup.a(armv_pte_v6wb.o)
 .text          0x0000886c        0x0 D:/Study/Raspberry/QNX/ide-4.7-workspace/Bsp_Rasp/src/hardware/startup/lib/arm/a.le\libstartup.a(armv_pte_v6wt.o)
 .text          0x0000886c        0x0 D:/Study/Raspberry/QNX/ide-4.7-workspace/Bsp_Rasp/src/hardware/startup/lib/arm/a.le\libstartup.a(armv_pte_v7mp.o)
 .text          0x0000886c        0x0 D:/Study/Raspberry/QNX/ide-4.7-workspace/Bsp_Rasp/src/hardware/startup/lib/arm/a.le\libstartup.a(armv_pte_v7wa.o)
 .text          0x0000886c        0x0 D:/Study/Raspberry/QNX/ide-4.7-workspace/Bsp_Rasp/src/hardware/startup/lib/arm/a.le\libstartup.a(armv_pte_v7wb.o)
 .text          0x0000886c        0x0 D:/Study/Raspberry/QNX/ide-4.7-workspace/Bsp_Rasp/src/hardware/startup/lib/arm/a.le\libstartup.a(armv_pte_v7wt.o)
 .text          0x0000886c        0x0 D:/Study/Raspberry/QNX/ide-4.7-workspace/Bsp_Rasp/src/hardware/startup/lib/arm/a.le\libstartup.a(armv_pte_xsc3.o)
 .text          0x0000886c       0x38 D:/Study/Raspberry/QNX/ide-4.7-workspace/Bsp_Rasp/src/hardware/startup/lib/arm/a.le\libstartup.a(armv_setup_1136.o)
                0x0000886c                armv_setup_1136
 .text          0x000088a4       0x88 D:/Study/Raspberry/QNX/ide-4.7-workspace/Bsp_Rasp/src/hardware/startup/lib/arm/a.le\libstartup.a(armv_setup_a15.o)
                0x000088a4                armv_setup_a15
 .text          0x0000892c        0x8 D:/Study/Raspberry/QNX/ide-4.7-workspace/Bsp_Rasp/src/hardware/startup/lib/arm/a.le\libstartup.a(armv_setup_a8.o)
                0x0000892c                armv_setup_a8
 .text          0x00008934       0xbc D:/Study/Raspberry/QNX/ide-4.7-workspace/Bsp_Rasp/src/hardware/startup/lib/arm/a.le\libstartup.a(armv_setup_mp11.o)
                0x00008934                armv_setup_mp11
 .text          0x000089f0       0xa0 D:/Study/Raspberry/QNX/ide-4.7-workspace/Bsp_Rasp/src/hardware/startup/lib/arm/a.le\libstartup.a(armv_setup_v6.o)
                0x000089f0                armv_setup_v6
 .text          0x00008a90       0xd4 D:/Study/Raspberry/QNX/ide-4.7-workspace/Bsp_Rasp/src/hardware/startup/lib/arm/a.le\libstartup.a(armv_setup_v7.o)
                0x00008a90                armv_setup_v7
 .text          0x00008b64       0x24 D:/Study/Raspberry/QNX/ide-4.7-workspace/Bsp_Rasp/src/hardware/startup/lib/arm/a.le\libstartup.a(armv_setup_xscale.o)
                0x00008b64                armv_setup_xscale
 .text          0x00008b88        0x4 D:/Study/Raspberry/QNX/ide-4.7-workspace/Bsp_Rasp/src/hardware/startup/lib/arm/a.le\libstartup.a(board_cpu_startnext.o)
                0x00008b88                board_cpu_startnext
 .text          0x00008b8c       0x54 D:/Study/Raspberry/QNX/ide-4.7-workspace/Bsp_Rasp/src/hardware/startup/lib/arm/a.le\libstartup.a(callout_page_1020.o)
                0x00008bd0                page_flush_deferred_1020
                0x00008b8c                page_flush_1020
 .text          0x00008be0       0x54 D:/Study/Raspberry/QNX/ide-4.7-workspace/Bsp_Rasp/src/hardware/startup/lib/arm/a.le\libstartup.a(callout_page_1136.o)
                0x00008c20                page_flush_deferred_1136
                0x00008be0                page_flush_1136
 .text          0x00008c34       0x38 D:/Study/Raspberry/QNX/ide-4.7-workspace/Bsp_Rasp/src/hardware/startup/lib/arm/a.le\libstartup.a(callout_page_720.o)
                0x00008c54                page_flush_deferred_720
                0x00008c34                page_flush_720
 .text          0x00008c6c       0x54 D:/Study/Raspberry/QNX/ide-4.7-workspace/Bsp_Rasp/src/hardware/startup/lib/arm/a.le\libstartup.a(callout_page_920.o)
                0x00008c6c                page_flush_920
                0x00008cb0                page_flush_deferred_920
 .text          0x00008cc0       0x54 D:/Study/Raspberry/QNX/ide-4.7-workspace/Bsp_Rasp/src/hardware/startup/lib/arm/a.le\libstartup.a(callout_page_925.o)
                0x00008cc0                page_flush_925
                0x00008d04                page_flush_deferred_925
 .text          0x00008d14       0x6c D:/Study/Raspberry/QNX/ide-4.7-workspace/Bsp_Rasp/src/hardware/startup/lib/arm/a.le\libstartup.a(callout_page_a15.o)
                0x00008d70                page_flush_deferred_a15
                0x00008d14                page_flush_a15
 .text          0x00008d80       0x5c D:/Study/Raspberry/QNX/ide-4.7-workspace/Bsp_Rasp/src/hardware/startup/lib/arm/a.le\libstartup.a(callout_page_a8.o)
                0x00008d80                page_flush_a8
                0x00008dcc                page_flush_deferred_a8
 .text          0x00008ddc       0x54 D:/Study/Raspberry/QNX/ide-4.7-workspace/Bsp_Rasp/src/hardware/startup/lib/arm/a.le\libstartup.a(callout_page_mp11.o)
                0x00008ddc                page_flush_mp11
                0x00008e20                page_flush_deferred_mp11
 .text          0x00008e30       0x60 D:/Study/Raspberry/QNX/ide-4.7-workspace/Bsp_Rasp/src/hardware/startup/lib/arm/a.le\libstartup.a(callout_page_sa.o)
                0x00008e70                page_flush_deferred_sa
                0x00008e30                page_flush_sa
 .text          0x00008e90       0x64 D:/Study/Raspberry/QNX/ide-4.7-workspace/Bsp_Rasp/src/hardware/startup/lib/arm/a.le\libstartup.a(callout_page_xsc3.o)
                0x00008ee4                page_flush_deferred_xsc3
                0x00008e90                page_flush_xsc3
 .text          0x00008ef4       0x5c D:/Study/Raspberry/QNX/ide-4.7-workspace/Bsp_Rasp/src/hardware/startup/lib/arm/a.le\libstartup.a(callout_page_xscale.o)
                0x00008ef4                page_flush_xscale
                0x00008f40                page_flush_deferred_xscale
 .text          0x00008f50       0x44 D:/Study/Raspberry/QNX/ide-4.7-workspace/Bsp_Rasp/src/hardware/startup/lib/arm/a.le\libstartup.a(callout_power_926.o)
                0x00008f50                power_926
 .text          0x00008f94       0x20 D:/Study/Raspberry/QNX/ide-4.7-workspace/Bsp_Rasp/src/hardware/startup/lib/arm/a.le\libstartup.a(callout_power_cp15_wfi.o)
                0x00008f94                power_cp15_wfi
 .text          0x00008fb4       0xb8 D:/Study/Raspberry/QNX/ide-4.7-workspace/Bsp_Rasp/src/hardware/startup/lib/arm/a.le\libstartup.a(callout_power_sa1100.o)
                0x0000901c                power_sa1100
 .text          0x0000906c       0x2c D:/Study/Raspberry/QNX/ide-4.7-workspace/Bsp_Rasp/src/hardware/startup/lib/arm/a.le\libstartup.a(callout_power_v7_wfi.o)
                0x0000906c                power_v7_wfi
 .text          0x00009098       0x24 D:/Study/Raspberry/QNX/ide-4.7-workspace/Bsp_Rasp/src/hardware/startup/lib/arm/a.le\libstartup.a(callout_power_xscale.o)
                0x00009098                power_xscale
 *fill*         0x000090bc        0x4 00000000
 .text          0x000090c0       0x80 D:/Study/Raspberry/QNX/ide-4.7-workspace/Bsp_Rasp/src/hardware/startup/lib/arm/a.le\libstartup.a(vstart_v6.o)
                0x000090c0                vstart_v6
 .text          0x00009140       0xa0 D:/Study/Raspberry/QNX/ide-4.7-workspace/Bsp_Rasp/src/hardware/startup/lib/arm/a.le\libstartup.a(vstart_v7.o)
                0x00009140                vstart_v7
 .text          0x000091e0      0x14c D:/Study/Raspberry/QNX/ide-4.7-workspace/Bsp_Rasp/src/hardware/startup/lib/arm/a.le\libstartup.a(arm_gic.o)
                0x00009260                arm_gic_init
                0x000091e0                arm_gic_cpu_init
 .text          0x0000932c        0x0 D:/Study/Raspberry/QNX/ide-4.7-workspace/Bsp_Rasp/src/hardware/startup/lib/arm/a.le\libstartup.a(armv_cache_1020.o)
 .text          0x0000932c        0x0 D:/Study/Raspberry/QNX/ide-4.7-workspace/Bsp_Rasp/src/hardware/startup/lib/arm/a.le\libstartup.a(armv_cache_1136.o)
 .text          0x0000932c        0x0 D:/Study/Raspberry/QNX/ide-4.7-workspace/Bsp_Rasp/src/hardware/startup/lib/arm/a.le\libstartup.a(armv_cache_720.o)
 .text          0x0000932c        0x0 D:/Study/Raspberry/QNX/ide-4.7-workspace/Bsp_Rasp/src/hardware/startup/lib/arm/a.le\libstartup.a(armv_cache_920.o)
 .text          0x0000932c        0x0 D:/Study/Raspberry/QNX/ide-4.7-workspace/Bsp_Rasp/src/hardware/startup/lib/arm/a.le\libstartup.a(armv_cache_925.o)
 .text          0x0000932c        0x0 D:/Study/Raspberry/QNX/ide-4.7-workspace/Bsp_Rasp/src/hardware/startup/lib/arm/a.le\libstartup.a(armv_cache_926.o)
 .text          0x0000932c        0x0 D:/Study/Raspberry/QNX/ide-4.7-workspace/Bsp_Rasp/src/hardware/startup/lib/arm/a.le\libstartup.a(armv_cache_a15.o)
 .text          0x0000932c        0x0 D:/Study/Raspberry/QNX/ide-4.7-workspace/Bsp_Rasp/src/hardware/startup/lib/arm/a.le\libstartup.a(armv_cache_a8.o)
 .text          0x0000932c        0x0 D:/Study/Raspberry/QNX/ide-4.7-workspace/Bsp_Rasp/src/hardware/startup/lib/arm/a.le\libstartup.a(armv_cache_mp11.o)
 .text          0x0000932c        0x0 D:/Study/Raspberry/QNX/ide-4.7-workspace/Bsp_Rasp/src/hardware/startup/lib/arm/a.le\libstartup.a(armv_cache_sa1100.o)
 .text          0x0000932c        0x0 D:/Study/Raspberry/QNX/ide-4.7-workspace/Bsp_Rasp/src/hardware/startup/lib/arm/a.le\libstartup.a(armv_cache_xsc3.o)
 .text          0x0000932c        0x0 D:/Study/Raspberry/QNX/ide-4.7-workspace/Bsp_Rasp/src/hardware/startup/lib/arm/a.le\libstartup.a(armv_cache_xscale.o)
 .text          0x0000932c        0x0 D:/Study/Raspberry/QNX/ide-4.7-workspace/Bsp_Rasp/src/hardware/startup/lib/arm/a.le\libstartup.a(armv_chip_a9mp.o)
 .text          0x0000932c        0x0 D:/Study/Raspberry/QNX/ide-4.7-workspace/Bsp_Rasp/src/hardware/startup/lib/arm/a.le\libstartup.a(armv_chip_a9up.o)
 .text          0x0000932c        0x0 D:/Study/Raspberry/QNX/ide-4.7-workspace/Bsp_Rasp/src/hardware/startup/lib/arm/a.le\libstartup.a(armv_chip_sheeva_v6.o)
 .text          0x0000932c        0x0 D:/Study/Raspberry/QNX/ide-4.7-workspace/Bsp_Rasp/src/hardware/startup/lib/arm/a.le\libstartup.a(armv_chip_sheeva_v7.o)
 .text          0x0000932c        0x0 D:/Study/Raspberry/QNX/ide-4.7-workspace/Bsp_Rasp/src/hardware/startup/lib/arm/a.le\libstartup.a(armv_pte_v6wa.o)
 .text          0x0000932c      0x10c D:/Study/Raspberry/QNX/ide-4.7-workspace/Bsp_Rasp/src/hardware/startup/lib/arm/a.le\libstartup.a(armv_setup_a9mp.o)
                0x0000932c                armv_setup_a9mp
 .text          0x00009438        0x8 D:/Study/Raspberry/QNX/ide-4.7-workspace/Bsp_Rasp/src/hardware/startup/lib/arm/a.le\libstartup.a(armv_setup_a9up.o)
                0x00009438                armv_setup_a9up
 .text          0x00009440       0x3c D:/Study/Raspberry/QNX/ide-4.7-workspace/Bsp_Rasp/src/hardware/startup/lib/arm/a.le\libstartup.a(armv_setup_sheeva_v6.o)
                0x00009440                armv_setup_sheeva_v6
 .text          0x0000947c       0x48 D:/Study/Raspberry/QNX/ide-4.7-workspace/Bsp_Rasp/src/hardware/startup/lib/arm/a.le\libstartup.a(armv_setup_sheeva_v7.o)
                0x0000947c                armv_setup_sheeva_v7
 .text          0x000094c4       0x9c D:/Study/Raspberry/QNX/ide-4.7-workspace/Bsp_Rasp/src/hardware/startup/lib/arm/a.le\libstartup.a(callout_cache_1020.o)
                0x000094c4                cache_1020_i
                0x00009500                cache_1020_d
 .text          0x00009560       0x8c D:/Study/Raspberry/QNX/ide-4.7-workspace/Bsp_Rasp/src/hardware/startup/lib/arm/a.le\libstartup.a(callout_cache_1136.o)
                0x00009560                cache_1136_i
                0x00009578                cache_1136_d
 .text          0x000095ec       0x20 D:/Study/Raspberry/QNX/ide-4.7-workspace/Bsp_Rasp/src/hardware/startup/lib/arm/a.le\libstartup.a(callout_cache_720.o)
                0x000095ec                cache_720
 .text          0x0000960c       0x9c D:/Study/Raspberry/QNX/ide-4.7-workspace/Bsp_Rasp/src/hardware/startup/lib/arm/a.le\libstartup.a(callout_cache_920.o)
                0x0000960c                cache_920_i
                0x00009648                cache_920_d
 .text          0x000096a8       0x9c D:/Study/Raspberry/QNX/ide-4.7-workspace/Bsp_Rasp/src/hardware/startup/lib/arm/a.le\libstartup.a(callout_cache_925.o)
                0x000096a8                cache_925_i
                0x000096e4                cache_925_d
 .text          0x00009744       0xd8 D:/Study/Raspberry/QNX/ide-4.7-workspace/Bsp_Rasp/src/hardware/startup/lib/arm/a.le\libstartup.a(callout_cache_926.o)
                0x00009790                cache_926_d
                0x00009744                cache_926_i
 .text          0x0000981c       0xc8 D:/Study/Raspberry/QNX/ide-4.7-workspace/Bsp_Rasp/src/hardware/startup/lib/arm/a.le\libstartup.a(callout_cache_a15.o)
                0x00009888                cache_a15_d
                0x0000981c                cache_a15_i
 .text          0x000098e4       0xa0 D:/Study/Raspberry/QNX/ide-4.7-workspace/Bsp_Rasp/src/hardware/startup/lib/arm/a.le\libstartup.a(callout_cache_a8.o)
                0x00009930                cache_a8_d
                0x000098e4                cache_a8_i
 .text          0x00009984       0x84 D:/Study/Raspberry/QNX/ide-4.7-workspace/Bsp_Rasp/src/hardware/startup/lib/arm/a.le\libstartup.a(callout_cache_mp11.o)
                0x00009984                cache_mp11_i
                0x000099b4                cache_mp11_d
 .text          0x00009a08       0x7c D:/Study/Raspberry/QNX/ide-4.7-workspace/Bsp_Rasp/src/hardware/startup/lib/arm/a.le\libstartup.a(callout_cache_sa.o)
                0x00009a08                cache_sa_i
                0x00009a20                cache_sa_d
 .text          0x00009a84       0xb4 D:/Study/Raspberry/QNX/ide-4.7-workspace/Bsp_Rasp/src/hardware/startup/lib/arm/a.le\libstartup.a(callout_cache_xsc3.o)
                0x00009a84                cache_xsc3_i
                0x00009ac8                cache_xsc3_d
 .text          0x00009b38       0xa4 D:/Study/Raspberry/QNX/ide-4.7-workspace/Bsp_Rasp/src/hardware/startup/lib/arm/a.le\libstartup.a(callout_cache_xscale.o)
                0x00009b78                cache_xscale_d
                0x00009b38                cache_xscale_i
 .text          0x00009bdc       0x64 D:/Study/Raspberry/QNX/ide-4.7-workspace/Bsp_Rasp/src/hardware/startup/lib/arm/a.le\libstartup.a(callout_page_a9mp.o)
                0x00009c30                page_flush_deferred_a9mp
                0x00009bdc                page_flush_a9mp
 .text          0x00009c40       0x64 D:/Study/Raspberry/QNX/ide-4.7-workspace/Bsp_Rasp/src/hardware/startup/lib/arm/a.le\libstartup.a(callout_page_a9up.o)
                0x00009c94                page_flush_deferred_a9up
                0x00009c40                page_flush_a9up
 .text          0x00009ca4       0x58 D:/Study/Raspberry/QNX/ide-4.7-workspace/Bsp_Rasp/src/hardware/startup/lib/arm/a.le\libstartup.a(callout_page_sheeva_v6.o)
                0x00009cec                page_flush_deferred_sheeva_v6
                0x00009ca4                page_flush_sheeva_v6
 .text          0x00009cfc       0x54 D:/Study/Raspberry/QNX/ide-4.7-workspace/Bsp_Rasp/src/hardware/startup/lib/arm/a.le\libstartup.a(callout_page_sheeva_v7.o)
                0x00009d40                page_flush_deferred_sheeva_v7
                0x00009cfc                page_flush_sheeva_v7
 .text          0x00009d50       0x30 D:/Study/Raspberry/QNX/ide-4.7-workspace/Bsp_Rasp/src/hardware/startup/lib/arm/a.le\libstartup.a(callout_power_sheeva_v6.o)
                0x00009d50                power_sheeva_v6
 .text          0x00009d80       0x30 D:/Study/Raspberry/QNX/ide-4.7-workspace/Bsp_Rasp/src/hardware/startup/lib/arm/a.le\libstartup.a(callout_power_sheeva_v7.o)
                0x00009d80                power_sheeva_v7
 .text          0x00009db0        0x0 D:/Study/Raspberry/QNX/ide-4.7-workspace/Bsp_Rasp/src/hardware/startup/lib/arm/a.le\libstartup.a(armv_cache_a9mp.o)
 .text          0x00009db0        0x0 D:/Study/Raspberry/QNX/ide-4.7-workspace/Bsp_Rasp/src/hardware/startup/lib/arm/a.le\libstartup.a(armv_cache_a9up.o)
 .text          0x00009db0        0x0 D:/Study/Raspberry/QNX/ide-4.7-workspace/Bsp_Rasp/src/hardware/startup/lib/arm/a.le\libstartup.a(armv_cache_sheeva_v6.o)
 .text          0x00009db0        0x0 D:/Study/Raspberry/QNX/ide-4.7-workspace/Bsp_Rasp/src/hardware/startup/lib/arm/a.le\libstartup.a(armv_cache_sheeva_v7.o)
 .text          0x00009db0       0xb4 D:/Study/Raspberry/QNX/ide-4.7-workspace/Bsp_Rasp/src/hardware/startup/lib/arm/a.le\libstartup.a(callout_cache_a9mp.o)
                0x00009e08                cache_a9mp_d
                0x00009db0                cache_a9mp_i
 .text          0x00009e64       0xb4 D:/Study/Raspberry/QNX/ide-4.7-workspace/Bsp_Rasp/src/hardware/startup/lib/arm/a.le\libstartup.a(callout_cache_a9up.o)
                0x00009e64                cache_a9up_i
                0x00009ebc                cache_a9up_d
 .text          0x00009f18       0xc8 D:/Study/Raspberry/QNX/ide-4.7-workspace/Bsp_Rasp/src/hardware/startup/lib/arm/a.le\libstartup.a(callout_cache_sheeva_v6.o)
                0x00009f5c                cache_sheeva_d_v6
                0x00009f18                cache_sheeva_i_v6
 .text          0x00009fe0       0xe0 D:/Study/Raspberry/QNX/ide-4.7-workspace/Bsp_Rasp/src/hardware/startup/lib/arm/a.le\libstartup.a(callout_cache_sheeva_v7.o)
                0x00009fe0                cache_sheeva_i_v7
                0x0000a038                cache_sheeva_d_v7
 .text          0x0000a0c0      0x84c C:/QNX650/target/qnx6/armle/usr/lib\libucl.a(n2b_d.o)
                0x0000a2e8                ucl_nrv2b_decompress_le16
                0x0000a5bc                ucl_nrv2b_decompress_le32
                0x0000a0c0                ucl_nrv2b_decompress_8
 .text          0x0000a90c      0x110 C:/QNX650/host/win32/x86/usr/lib/gcc/arm-unknown-nto-qnx6.5.0/4.4.2//libgcc.a(_udivsi3.o)
                0x0000a90c                __udivsi3
                0x0000a90c                __aeabi_uidiv
                0x0000aa04                __aeabi_uidivmod
 .text          0x0000aa1c        0xc C:/QNX650/host/win32/x86/usr/lib/gcc/arm-unknown-nto-qnx6.5.0/4.4.2//libgcc.a(_dvmd_nto.o)
                0x0000aa1c                __div0
 .text          0x0000aa28      0x50c C:/QNX650/host/win32/x86/usr/lib/gcc/arm-unknown-nto-qnx6.5.0/4.4.2//libgcc.a(_udivdi3.o)
                0x0000aa28                __udivdi3
 .text          0x0000af34      0x500 C:/QNX650/host/win32/x86/usr/lib/gcc/arm-unknown-nto-qnx6.5.0/4.4.2//libgcc.a(_umoddi3.o)
                0x0000af34                __umoddi3
 .text          0x0000b434       0xcc C:/QNX650/host/win32/x86/usr/lib/gcc/arm-unknown-nto-qnx6.5.0/4.4.2//libgcc.a(_umodsi3.o)
                0x0000b434                __umodsi3
 .text          0x0000b500        0x0 C:/QNX650/host/win32/x86/usr/lib/gcc/arm-unknown-nto-qnx6.5.0/4.4.2//libgcc.a(_clz.o)
 .text          0x0000b500      0x120 C:/QNX650/target/qnx6/armle/lib\libc.a(hwi_find_item.o)
                0x0000b500                hwi_find_item
 .text          0x0000b620       0x1c C:/QNX650/target/qnx6/armle/lib\libc.a(hwi_off2tag.o)
                0x0000b620                hwi_off2tag
 .text          0x0000b63c       0x1c C:/QNX650/target/qnx6/armle/lib\libc.a(hwi_tag2off.o)
                0x0000b63c                hwi_tag2off
 .text          0x0000b658       0x4c C:/QNX650/target/qnx6/armle/lib\libc.a(memcmp.o)
                0x0000b658                memcmp
 .text          0x0000b6a4       0x90 C:/QNX650/target/qnx6/armle/lib\libc.a(memset.o)
                0x0000b6a4                memset
 .text          0x0000b734       0x3c C:/QNX650/target/qnx6/armle/lib\libc.a(strchr.o)
                0x0000b734                strchr
 .text          0x0000b770       0x4c C:/QNX650/target/qnx6/armle/lib\libc.a(strcmp.o)
                0x0000b770                strcmp
 .text          0x0000b7bc       0x1c C:/QNX650/target/qnx6/armle/lib\libc.a(strcpy.o)
                0x0000b7bc                strcpy
 .text          0x0000b7d8        0x0 C:/QNX650/target/qnx6/armle/lib\libc.a(__cpu_flags.o)
 *(.gnu.warning)

.fini
 *(.fini)

.rodata         0x00000000      0xc80
 *(.rodata)
 .rodata        0x00000000       0x34 init_intrinfo.o
 .rodata        0x00000034       0x18 init_qtime_bcm2835.o
 .rodata        0x0000004c       0x28 main.o
                0x0000004c                callouts
                0x00000054                debug_devices
 .rodata        0x00000074        0x8 D:/Study/Raspberry/QNX/ide-4.7-workspace/Bsp_Rasp/src/hardware/startup/lib/arm/a.le\libstartup.a(add_interrupt.o)
 .rodata        0x0000007c        0x8 D:/Study/Raspberry/QNX/ide-4.7-workspace/Bsp_Rasp/src/hardware/startup/lib/arm/a.le\libstartup.a(init_system_private.o)
 .rodata        0x00000084       0x14 D:/Study/Raspberry/QNX/ide-4.7-workspace/Bsp_Rasp/src/hardware/startup/lib/arm/a.le\libstartup.a(kprintf.o)
 .rodata        0x00000098       0x14 D:/Study/Raspberry/QNX/ide-4.7-workspace/Bsp_Rasp/src/hardware/startup/lib/arm/a.le\libstartup.a(restore_ifs.o)
 .rodata        0x000000ac        0x8 D:/Study/Raspberry/QNX/ide-4.7-workspace/Bsp_Rasp/src/hardware/startup/lib/arm/a.le\libstartup.a(as_find.o)
 .rodata        0x000000b4       0x40 D:/Study/Raspberry/QNX/ide-4.7-workspace/Bsp_Rasp/src/hardware/startup/lib/arm/a.le\libstartup.a(armv_chip_1020.o)
                0x000000b4                armv_chip_1020
 .rodata        0x000000f4       0x40 D:/Study/Raspberry/QNX/ide-4.7-workspace/Bsp_Rasp/src/hardware/startup/lib/arm/a.le\libstartup.a(armv_chip_1022.o)
                0x000000f4                armv_chip_1022
 .rodata        0x00000134       0x40 D:/Study/Raspberry/QNX/ide-4.7-workspace/Bsp_Rasp/src/hardware/startup/lib/arm/a.le\libstartup.a(armv_chip_1136.o)
                0x00000134                armv_chip_1136
 .rodata        0x00000174       0x40 D:/Study/Raspberry/QNX/ide-4.7-workspace/Bsp_Rasp/src/hardware/startup/lib/arm/a.le\libstartup.a(armv_chip_1176.o)
                0x00000174                armv_chip_1176
 .rodata        0x000001b4       0x40 D:/Study/Raspberry/QNX/ide-4.7-workspace/Bsp_Rasp/src/hardware/startup/lib/arm/a.le\libstartup.a(armv_chip_1200.o)
                0x000001b4                armv_chip_ixp1200
 .rodata        0x000001f4       0x40 D:/Study/Raspberry/QNX/ide-4.7-workspace/Bsp_Rasp/src/hardware/startup/lib/arm/a.le\libstartup.a(armv_chip_23xx.o)
                0x000001f4                armv_chip_ixp23xx
 .rodata        0x00000234       0x40 D:/Study/Raspberry/QNX/ide-4.7-workspace/Bsp_Rasp/src/hardware/startup/lib/arm/a.le\libstartup.a(armv_chip_2400.o)
                0x00000234                armv_chip_ixp2400
 .rodata        0x00000274       0x40 D:/Study/Raspberry/QNX/ide-4.7-workspace/Bsp_Rasp/src/hardware/startup/lib/arm/a.le\libstartup.a(armv_chip_2800.o)
                0x00000274                armv_chip_ixp2800
 .rodata        0x000002b4       0x40 D:/Study/Raspberry/QNX/ide-4.7-workspace/Bsp_Rasp/src/hardware/startup/lib/arm/a.le\libstartup.a(armv_chip_425.o)
                0x000002b4                armv_chip_ixp425
 .rodata        0x000002f4       0x40 D:/Study/Raspberry/QNX/ide-4.7-workspace/Bsp_Rasp/src/hardware/startup/lib/arm/a.le\libstartup.a(armv_chip_465.o)
                0x000002f4                armv_chip_ixp465
 .rodata        0x00000334       0x40 D:/Study/Raspberry/QNX/ide-4.7-workspace/Bsp_Rasp/src/hardware/startup/lib/arm/a.le\libstartup.a(armv_chip_720.o)
                0x00000334                armv_chip_720
 .rodata        0x00000374       0x40 D:/Study/Raspberry/QNX/ide-4.7-workspace/Bsp_Rasp/src/hardware/startup/lib/arm/a.le\libstartup.a(armv_chip_80200.o)
                0x00000374                armv_chip_80200
 .rodata        0x000003b4       0x40 D:/Study/Raspberry/QNX/ide-4.7-workspace/Bsp_Rasp/src/hardware/startup/lib/arm/a.le\libstartup.a(armv_chip_920.o)
                0x000003b4                armv_chip_920
 .rodata        0x000003f4       0x40 D:/Study/Raspberry/QNX/ide-4.7-workspace/Bsp_Rasp/src/hardware/startup/lib/arm/a.le\libstartup.a(armv_chip_922.o)
                0x000003f4                armv_chip_922
 .rodata        0x00000434       0x40 D:/Study/Raspberry/QNX/ide-4.7-workspace/Bsp_Rasp/src/hardware/startup/lib/arm/a.le\libstartup.a(armv_chip_925.o)
                0x00000434                armv_chip_925
 .rodata        0x00000474       0x40 D:/Study/Raspberry/QNX/ide-4.7-workspace/Bsp_Rasp/src/hardware/startup/lib/arm/a.le\libstartup.a(armv_chip_926.o)
                0x00000474                armv_chip_926
 .rodata        0x000004b4       0x40 D:/Study/Raspberry/QNX/ide-4.7-workspace/Bsp_Rasp/src/hardware/startup/lib/arm/a.le\libstartup.a(armv_chip_a15.o)
                0x000004b4                armv_chip_a15
 .rodata        0x000004f4       0x40 D:/Study/Raspberry/QNX/ide-4.7-workspace/Bsp_Rasp/src/hardware/startup/lib/arm/a.le\libstartup.a(armv_chip_a8.o)
                0x000004f4                armv_chip_a8
 .rodata        0x00000534       0x40 D:/Study/Raspberry/QNX/ide-4.7-workspace/Bsp_Rasp/src/hardware/startup/lib/arm/a.le\libstartup.a(armv_chip_a9.o)
                0x00000534                armv_chip_a9
 .rodata        0x00000574       0x40 D:/Study/Raspberry/QNX/ide-4.7-workspace/Bsp_Rasp/src/hardware/startup/lib/arm/a.le\libstartup.a(armv_chip_mp11.o)
                0x00000574                armv_chip_mp11
 .rodata        0x000005b4       0x40 D:/Study/Raspberry/QNX/ide-4.7-workspace/Bsp_Rasp/src/hardware/startup/lib/arm/a.le\libstartup.a(armv_chip_pxa210b.o)
                0x000005b4                armv_chip_pxa210b
 .rodata        0x000005f4       0x40 D:/Study/Raspberry/QNX/ide-4.7-workspace/Bsp_Rasp/src/hardware/startup/lib/arm/a.le\libstartup.a(armv_chip_pxa210c.o)
                0x000005f4                armv_chip_pxa210c
 .rodata        0x00000634       0x40 D:/Study/Raspberry/QNX/ide-4.7-workspace/Bsp_Rasp/src/hardware/startup/lib/arm/a.le\libstartup.a(armv_chip_pxa250a.o)
                0x00000634                armv_chip_pxa250a
 .rodata        0x00000674       0x40 D:/Study/Raspberry/QNX/ide-4.7-workspace/Bsp_Rasp/src/hardware/startup/lib/arm/a.le\libstartup.a(armv_chip_pxa250b.o)
                0x00000674                armv_chip_pxa250b
 .rodata        0x000006b4       0x40 D:/Study/Raspberry/QNX/ide-4.7-workspace/Bsp_Rasp/src/hardware/startup/lib/arm/a.le\libstartup.a(armv_chip_pxa255.o)
                0x000006b4                armv_chip_pxa255
 .rodata        0x000006f4       0x40 D:/Study/Raspberry/QNX/ide-4.7-workspace/Bsp_Rasp/src/hardware/startup/lib/arm/a.le\libstartup.a(armv_chip_pxa270.o)
                0x000006f4                armv_chip_pxa270
 .rodata        0x00000734       0x40 D:/Study/Raspberry/QNX/ide-4.7-workspace/Bsp_Rasp/src/hardware/startup/lib/arm/a.le\libstartup.a(armv_chip_sa1100.o)
                0x00000734                armv_chip_sa1100
 .rodata        0x00000774       0x40 D:/Study/Raspberry/QNX/ide-4.7-workspace/Bsp_Rasp/src/hardware/startup/lib/arm/a.le\libstartup.a(armv_chip_sa1110.o)
                0x00000774                armv_chip_sa1110
 .rodata        0x000007b4       0x40 D:/Study/Raspberry/QNX/ide-4.7-workspace/Bsp_Rasp/src/hardware/startup/lib/arm/a.le\libstartup.a(armv_chip_sheeva.o)
                0x000007b4                armv_chip_sheeva
 .rodata        0x000007f4       0x18 D:/Study/Raspberry/QNX/ide-4.7-workspace/Bsp_Rasp/src/hardware/startup/lib/arm/a.le\libstartup.a(armv_pte_ixp2xxx.o)
                0x000007f4                armv_pte_ixp2xxx
 .rodata        0x0000080c       0x18 D:/Study/Raspberry/QNX/ide-4.7-workspace/Bsp_Rasp/src/hardware/startup/lib/arm/a.le\libstartup.a(armv_pte_v4wb.o)
                0x0000080c                armv_pte_v4wb
 .rodata        0x00000824       0x18 D:/Study/Raspberry/QNX/ide-4.7-workspace/Bsp_Rasp/src/hardware/startup/lib/arm/a.le\libstartup.a(armv_pte_v4wt.o)
                0x00000824                armv_pte_v4wt
 .rodata        0x0000083c       0x18 D:/Study/Raspberry/QNX/ide-4.7-workspace/Bsp_Rasp/src/hardware/startup/lib/arm/a.le\libstartup.a(armv_pte_v5wa.o)
                0x0000083c                armv_pte_v5wa
 .rodata        0x00000854       0x18 D:/Study/Raspberry/QNX/ide-4.7-workspace/Bsp_Rasp/src/hardware/startup/lib/arm/a.le\libstartup.a(armv_pte_v5wb.o)
                0x00000854                armv_pte_v5wb
 .rodata        0x0000086c       0x18 D:/Study/Raspberry/QNX/ide-4.7-workspace/Bsp_Rasp/src/hardware/startup/lib/arm/a.le\libstartup.a(armv_pte_v5wt.o)
                0x0000086c                armv_pte_v5wt
 .rodata        0x00000884       0x18 D:/Study/Raspberry/QNX/ide-4.7-workspace/Bsp_Rasp/src/hardware/startup/lib/arm/a.le\libstartup.a(armv_pte_v6mp.o)
                0x00000884                armv_pte_v6mp
 .rodata        0x0000089c       0x18 D:/Study/Raspberry/QNX/ide-4.7-workspace/Bsp_Rasp/src/hardware/startup/lib/arm/a.le\libstartup.a(armv_pte_v6wb.o)
                0x0000089c                armv_pte_v6wb
 .rodata        0x000008b4       0x18 D:/Study/Raspberry/QNX/ide-4.7-workspace/Bsp_Rasp/src/hardware/startup/lib/arm/a.le\libstartup.a(armv_pte_v6wt.o)
                0x000008b4                armv_pte_v6wt
 .rodata        0x000008cc       0x18 D:/Study/Raspberry/QNX/ide-4.7-workspace/Bsp_Rasp/src/hardware/startup/lib/arm/a.le\libstartup.a(armv_pte_v7mp.o)
                0x000008cc                armv_pte_v7mp
 .rodata        0x000008e4       0x18 D:/Study/Raspberry/QNX/ide-4.7-workspace/Bsp_Rasp/src/hardware/startup/lib/arm/a.le\libstartup.a(armv_pte_v7wa.o)
                0x000008e4                armv_pte_v7wa
 .rodata        0x000008fc       0x18 D:/Study/Raspberry/QNX/ide-4.7-workspace/Bsp_Rasp/src/hardware/startup/lib/arm/a.le\libstartup.a(armv_pte_v7wb.o)
                0x000008fc                armv_pte_v7wb
 .rodata        0x00000914       0x18 D:/Study/Raspberry/QNX/ide-4.7-workspace/Bsp_Rasp/src/hardware/startup/lib/arm/a.le\libstartup.a(armv_pte_v7wt.o)
                0x00000914                armv_pte_v7wt
 .rodata        0x0000092c       0x18 D:/Study/Raspberry/QNX/ide-4.7-workspace/Bsp_Rasp/src/hardware/startup/lib/arm/a.le\libstartup.a(armv_pte_xsc3.o)
                0x0000092c                armv_pte_xsc3
 .rodata        0x00000944       0x10 D:/Study/Raspberry/QNX/ide-4.7-workspace/Bsp_Rasp/src/hardware/startup/lib/arm/a.le\libstartup.a(armv_cache_1020.o)
                0x00000944                armv_cache_1020
 .rodata        0x00000954       0x10 D:/Study/Raspberry/QNX/ide-4.7-workspace/Bsp_Rasp/src/hardware/startup/lib/arm/a.le\libstartup.a(armv_cache_1136.o)
                0x00000954                armv_cache_1136
 .rodata        0x00000964       0x1c D:/Study/Raspberry/QNX/ide-4.7-workspace/Bsp_Rasp/src/hardware/startup/lib/arm/a.le\libstartup.a(armv_cache_720.o)
                0x00000964                armv_cache_720
 .rodata        0x00000980       0x10 D:/Study/Raspberry/QNX/ide-4.7-workspace/Bsp_Rasp/src/hardware/startup/lib/arm/a.le\libstartup.a(armv_cache_920.o)
                0x00000980                armv_cache_920
 .rodata        0x00000990       0x10 D:/Study/Raspberry/QNX/ide-4.7-workspace/Bsp_Rasp/src/hardware/startup/lib/arm/a.le\libstartup.a(armv_cache_925.o)
                0x00000990                armv_cache_925
 .rodata        0x000009a0       0x10 D:/Study/Raspberry/QNX/ide-4.7-workspace/Bsp_Rasp/src/hardware/startup/lib/arm/a.le\libstartup.a(armv_cache_926.o)
                0x000009a0                armv_cache_926
 .rodata        0x000009b0       0x10 D:/Study/Raspberry/QNX/ide-4.7-workspace/Bsp_Rasp/src/hardware/startup/lib/arm/a.le\libstartup.a(armv_cache_a15.o)
                0x000009b0                armv_cache_a15
 .rodata        0x000009c0       0x10 D:/Study/Raspberry/QNX/ide-4.7-workspace/Bsp_Rasp/src/hardware/startup/lib/arm/a.le\libstartup.a(armv_cache_a8.o)
                0x000009c0                armv_cache_a8
 .rodata        0x000009d0       0x10 D:/Study/Raspberry/QNX/ide-4.7-workspace/Bsp_Rasp/src/hardware/startup/lib/arm/a.le\libstartup.a(armv_cache_mp11.o)
                0x000009d0                armv_cache_mp11
 .rodata        0x000009e0       0x28 D:/Study/Raspberry/QNX/ide-4.7-workspace/Bsp_Rasp/src/hardware/startup/lib/arm/a.le\libstartup.a(armv_cache_sa1100.o)
                0x000009ec                sa1100_icache_config
                0x000009f8                armv_cache_sa1100
                0x000009e0                sa1100_dcache_config
 .rodata        0x00000a08       0x10 D:/Study/Raspberry/QNX/ide-4.7-workspace/Bsp_Rasp/src/hardware/startup/lib/arm/a.le\libstartup.a(armv_cache_xsc3.o)
                0x00000a08                armv_cache_xsc3
 .rodata        0x00000a18       0x10 D:/Study/Raspberry/QNX/ide-4.7-workspace/Bsp_Rasp/src/hardware/startup/lib/arm/a.le\libstartup.a(armv_cache_xscale.o)
                0x00000a18                armv_cache_xscale
 .rodata        0x00000a28       0x40 D:/Study/Raspberry/QNX/ide-4.7-workspace/Bsp_Rasp/src/hardware/startup/lib/arm/a.le\libstartup.a(armv_chip_a9mp.o)
                0x00000a28                armv_chip_a9mp
 .rodata        0x00000a68       0x40 D:/Study/Raspberry/QNX/ide-4.7-workspace/Bsp_Rasp/src/hardware/startup/lib/arm/a.le\libstartup.a(armv_chip_a9up.o)
                0x00000a68                armv_chip_a9up
 .rodata        0x00000aa8       0x40 D:/Study/Raspberry/QNX/ide-4.7-workspace/Bsp_Rasp/src/hardware/startup/lib/arm/a.le\libstartup.a(armv_chip_sheeva_v6.o)
                0x00000aa8                armv_chip_sheeva_v6
 .rodata        0x00000ae8       0x40 D:/Study/Raspberry/QNX/ide-4.7-workspace/Bsp_Rasp/src/hardware/startup/lib/arm/a.le\libstartup.a(armv_chip_sheeva_v7.o)
                0x00000ae8                armv_chip_sheeva_v7
 .rodata        0x00000b28       0x18 D:/Study/Raspberry/QNX/ide-4.7-workspace/Bsp_Rasp/src/hardware/startup/lib/arm/a.le\libstartup.a(armv_pte_v6wa.o)
                0x00000b28                armv_pte_v6wa
 .rodata        0x00000b40       0x10 D:/Study/Raspberry/QNX/ide-4.7-workspace/Bsp_Rasp/src/hardware/startup/lib/arm/a.le\libstartup.a(armv_cache_a9mp.o)
                0x00000b40                armv_cache_a9mp
 .rodata        0x00000b50       0x10 D:/Study/Raspberry/QNX/ide-4.7-workspace/Bsp_Rasp/src/hardware/startup/lib/arm/a.le\libstartup.a(armv_cache_a9up.o)
                0x00000b50                armv_cache_a9up
 .rodata        0x00000b60       0x10 D:/Study/Raspberry/QNX/ide-4.7-workspace/Bsp_Rasp/src/hardware/startup/lib/arm/a.le\libstartup.a(armv_cache_sheeva_v6.o)
                0x00000b60                armv_cache_sheeva_v6
 .rodata        0x00000b70       0x10 D:/Study/Raspberry/QNX/ide-4.7-workspace/Bsp_Rasp/src/hardware/startup/lib/arm/a.le\libstartup.a(armv_cache_sheeva_v7.o)
                0x00000b70                armv_cache_sheeva_v7
 .rodata        0x00000b80      0x100 C:/QNX650/host/win32/x86/usr/lib/gcc/arm-unknown-nto-qnx6.5.0/4.4.2//libgcc.a(_clz.o)
                0x00000b80                __clz_tab

.rodata.str1.4  0x00000000     0x1398
 .rodata.str1.4
                0x00000000       0x14 init_pio.o
 .rodata.str1.4
                0x00000014       0x5c main.o
 .rodata.str1.4
                0x00000070       0x10 D:/Study/Raspberry/QNX/ide-4.7-workspace/Bsp_Rasp/src/hardware/startup/lib/arm/a.le\libstartup.a(_main.o)
 .rodata.str1.4
                0x00000080       0x30 D:/Study/Raspberry/QNX/ide-4.7-workspace/Bsp_Rasp/src/hardware/startup/lib/arm/a.le\libstartup.a(callouts.o)
 .rodata.str1.4
                0x000000b0        0x4 D:/Study/Raspberry/QNX/ide-4.7-workspace/Bsp_Rasp/src/hardware/startup/lib/arm/a.le\libstartup.a(common_options.o)
 .rodata.str1.4
                0x000000b4        0x4 D:/Study/Raspberry/QNX/ide-4.7-workspace/Bsp_Rasp/src/hardware/startup/lib/arm/a.le\libstartup.a(debug.o)
 .rodata.str1.4
                0x000000b8       0x30 D:/Study/Raspberry/QNX/ide-4.7-workspace/Bsp_Rasp/src/hardware/startup/lib/arm/a.le\libstartup.a(hwi_add_nanospin.o)
 .rodata.str1.4
                0x000000e8        0x4 D:/Study/Raspberry/QNX/ide-4.7-workspace/Bsp_Rasp/src/hardware/startup/lib/arm/a.le\libstartup.a(hwi_alloc.o)
 .rodata.str1.4
                0x000000ec       0x30 D:/Study/Raspberry/QNX/ide-4.7-workspace/Bsp_Rasp/src/hardware/startup/lib/arm/a.le\libstartup.a(init_cpuinfo.o)
 .rodata.str1.4
                0x0000011c       0x54 D:/Study/Raspberry/QNX/ide-4.7-workspace/Bsp_Rasp/src/hardware/startup/lib/arm/a.le\libstartup.a(init_mmu.o)
 .rodata.str1.4
                0x00000170      0x164 D:/Study/Raspberry/QNX/ide-4.7-workspace/Bsp_Rasp/src/hardware/startup/lib/arm/a.le\libstartup.a(init_system_private.o)
 .rodata.str1.4
                0x000002d4       0x64 D:/Study/Raspberry/QNX/ide-4.7-workspace/Bsp_Rasp/src/hardware/startup/lib/arm/a.le\libstartup.a(load_ifs.o)
 .rodata.str1.4
                0x00000338      0x5b4 D:/Study/Raspberry/QNX/ide-4.7-workspace/Bsp_Rasp/src/hardware/startup/lib/arm/a.le\libstartup.a(print_sysp.o)
 .rodata.str1.4
                0x000008ec       0xac D:/Study/Raspberry/QNX/ide-4.7-workspace/Bsp_Rasp/src/hardware/startup/lib/arm/a.le\libstartup.a(ram.o)
 .rodata.str1.4
                0x00000998      0x4b4 D:/Study/Raspberry/QNX/ide-4.7-workspace/Bsp_Rasp/src/hardware/startup/lib/arm/a.le\libstartup.a(restore_ifs.o)
 .rodata.str1.4
                0x00000e4c       0x68 D:/Study/Raspberry/QNX/ide-4.7-workspace/Bsp_Rasp/src/hardware/startup/lib/arm/a.le\libstartup.a(startnext.o)
 .rodata.str1.4
                0x00000eb4       0x3c D:/Study/Raspberry/QNX/ide-4.7-workspace/Bsp_Rasp/src/hardware/startup/lib/arm/a.le\libstartup.a(syspage_memory.o)
 .rodata.str1.4
                0x00000ef0       0x34 D:/Study/Raspberry/QNX/ide-4.7-workspace/Bsp_Rasp/src/hardware/startup/lib/arm/a.le\libstartup.a(uncompress.o)
 .rodata.str1.4
                0x00000f24        0x8 D:/Study/Raspberry/QNX/ide-4.7-workspace/Bsp_Rasp/src/hardware/startup/lib/arm/a.le\libstartup.a(uncompress_ucl.o)
 .rodata.str1.4
                0x00000f2c       0xec D:/Study/Raspberry/QNX/ide-4.7-workspace/Bsp_Rasp/src/hardware/startup/lib/arm/a.le\libstartup.a(arm_cache.o)
 .rodata.str1.4
                0x00001018       0x34 D:/Study/Raspberry/QNX/ide-4.7-workspace/Bsp_Rasp/src/hardware/startup/lib/arm/a.le\libstartup.a(arm_cpuspeed.o)
 .rodata.str1.4
                0x0000104c       0x60 D:/Study/Raspberry/QNX/ide-4.7-workspace/Bsp_Rasp/src/hardware/startup/lib/arm/a.le\libstartup.a(arm_pte.o)
 .rodata.str1.4
                0x000010ac        0x4 D:/Study/Raspberry/QNX/ide-4.7-workspace/Bsp_Rasp/src/hardware/startup/lib/arm/a.le\libstartup.a(as_add64.o)
 .rodata.str1.4
                0x000010b0        0x8 D:/Study/Raspberry/QNX/ide-4.7-workspace/Bsp_Rasp/src/hardware/startup/lib/arm/a.le\libstartup.a(as_default.o)
 .rodata.str1.4
                0x000010b8       0x18 D:/Study/Raspberry/QNX/ide-4.7-workspace/Bsp_Rasp/src/hardware/startup/lib/arm/a.le\libstartup.a(as_find.o)
 .rodata.str1.4
                0x000010d0       0x1c D:/Study/Raspberry/QNX/ide-4.7-workspace/Bsp_Rasp/src/hardware/startup/lib/arm/a.le\libstartup.a(cpu_startnext.o)
 .rodata.str1.4
                0x000010ec       0x34 D:/Study/Raspberry/QNX/ide-4.7-workspace/Bsp_Rasp/src/hardware/startup/lib/arm/a.le\libstartup.a(cpu_syspage_memory.o)
 .rodata.str1.4
                0x00001120        0x8 D:/Study/Raspberry/QNX/ide-4.7-workspace/Bsp_Rasp/src/hardware/startup/lib/arm/a.le\libstartup.a(elf.o)
 .rodata.str1.4
                0x00001128       0x70 D:/Study/Raspberry/QNX/ide-4.7-workspace/Bsp_Rasp/src/hardware/startup/lib/arm/a.le\libstartup.a(elf_map.o)
 .rodata.str1.4
                0x00001198       0x18 D:/Study/Raspberry/QNX/ide-4.7-workspace/Bsp_Rasp/src/hardware/startup/lib/arm/a.le\libstartup.a(hwi_add_device.o)
 .rodata.str1.4
                0x000011b0       0x18 D:/Study/Raspberry/QNX/ide-4.7-workspace/Bsp_Rasp/src/hardware/startup/lib/arm/a.le\libstartup.a(hwi_default.o)
 .rodata.str1.4
                0x000011c8        0x8 D:/Study/Raspberry/QNX/ide-4.7-workspace/Bsp_Rasp/src/hardware/startup/lib/arm/a.le\libstartup.a(armv_chip_1020.o)
 .rodata.str1.4
                0x000011d0        0x8 D:/Study/Raspberry/QNX/ide-4.7-workspace/Bsp_Rasp/src/hardware/startup/lib/arm/a.le\libstartup.a(armv_chip_1022.o)
 .rodata.str1.4
                0x000011d8        0x8 D:/Study/Raspberry/QNX/ide-4.7-workspace/Bsp_Rasp/src/hardware/startup/lib/arm/a.le\libstartup.a(armv_chip_1136.o)
 .rodata.str1.4
                0x000011e0        0x8 D:/Study/Raspberry/QNX/ide-4.7-workspace/Bsp_Rasp/src/hardware/startup/lib/arm/a.le\libstartup.a(armv_chip_1176.o)
 .rodata.str1.4
                0x000011e8        0x8 D:/Study/Raspberry/QNX/ide-4.7-workspace/Bsp_Rasp/src/hardware/startup/lib/arm/a.le\libstartup.a(armv_chip_1200.o)
 .rodata.str1.4
                0x000011f0        0x8 D:/Study/Raspberry/QNX/ide-4.7-workspace/Bsp_Rasp/src/hardware/startup/lib/arm/a.le\libstartup.a(armv_chip_23xx.o)
 .rodata.str1.4
                0x000011f8        0x8 D:/Study/Raspberry/QNX/ide-4.7-workspace/Bsp_Rasp/src/hardware/startup/lib/arm/a.le\libstartup.a(armv_chip_2400.o)
 .rodata.str1.4
                0x00001200        0x8 D:/Study/Raspberry/QNX/ide-4.7-workspace/Bsp_Rasp/src/hardware/startup/lib/arm/a.le\libstartup.a(armv_chip_2800.o)
 .rodata.str1.4
                0x00001208        0x8 D:/Study/Raspberry/QNX/ide-4.7-workspace/Bsp_Rasp/src/hardware/startup/lib/arm/a.le\libstartup.a(armv_chip_425.o)
 .rodata.str1.4
                0x00001210        0x8 D:/Study/Raspberry/QNX/ide-4.7-workspace/Bsp_Rasp/src/hardware/startup/lib/arm/a.le\libstartup.a(armv_chip_465.o)
 .rodata.str1.4
                0x00001218        0x8 D:/Study/Raspberry/QNX/ide-4.7-workspace/Bsp_Rasp/src/hardware/startup/lib/arm/a.le\libstartup.a(armv_chip_720.o)
 .rodata.str1.4
                0x00001220        0x8 D:/Study/Raspberry/QNX/ide-4.7-workspace/Bsp_Rasp/src/hardware/startup/lib/arm/a.le\libstartup.a(armv_chip_80200.o)
 .rodata.str1.4
                0x00001228        0x8 D:/Study/Raspberry/QNX/ide-4.7-workspace/Bsp_Rasp/src/hardware/startup/lib/arm/a.le\libstartup.a(armv_chip_920.o)
 .rodata.str1.4
                0x00001230        0x8 D:/Study/Raspberry/QNX/ide-4.7-workspace/Bsp_Rasp/src/hardware/startup/lib/arm/a.le\libstartup.a(armv_chip_922.o)
 .rodata.str1.4
                0x00001238        0x8 D:/Study/Raspberry/QNX/ide-4.7-workspace/Bsp_Rasp/src/hardware/startup/lib/arm/a.le\libstartup.a(armv_chip_925.o)
 .rodata.str1.4
                0x00001240        0x8 D:/Study/Raspberry/QNX/ide-4.7-workspace/Bsp_Rasp/src/hardware/startup/lib/arm/a.le\libstartup.a(armv_chip_926.o)
 .rodata.str1.4
                0x00001248        0xc D:/Study/Raspberry/QNX/ide-4.7-workspace/Bsp_Rasp/src/hardware/startup/lib/arm/a.le\libstartup.a(armv_chip_a15.o)
 .rodata.str1.4
                0x00001254        0xc D:/Study/Raspberry/QNX/ide-4.7-workspace/Bsp_Rasp/src/hardware/startup/lib/arm/a.le\libstartup.a(armv_chip_a8.o)
 .rodata.str1.4
                0x00001260       0x10 D:/Study/Raspberry/QNX/ide-4.7-workspace/Bsp_Rasp/src/hardware/startup/lib/arm/a.le\libstartup.a(armv_chip_mp11.o)
 .rodata.str1.4
                0x00001270        0x8 D:/Study/Raspberry/QNX/ide-4.7-workspace/Bsp_Rasp/src/hardware/startup/lib/arm/a.le\libstartup.a(armv_chip_pxa210b.o)
 .rodata.str1.4
                0x00001278        0x8 D:/Study/Raspberry/QNX/ide-4.7-workspace/Bsp_Rasp/src/hardware/startup/lib/arm/a.le\libstartup.a(armv_chip_pxa210c.o)
 .rodata.str1.4
                0x00001280        0x8 D:/Study/Raspberry/QNX/ide-4.7-workspace/Bsp_Rasp/src/hardware/startup/lib/arm/a.le\libstartup.a(armv_chip_pxa250a.o)
 .rodata.str1.4
                0x00001288        0x8 D:/Study/Raspberry/QNX/ide-4.7-workspace/Bsp_Rasp/src/hardware/startup/lib/arm/a.le\libstartup.a(armv_chip_pxa250b.o)
 .rodata.str1.4
                0x00001290        0x8 D:/Study/Raspberry/QNX/ide-4.7-workspace/Bsp_Rasp/src/hardware/startup/lib/arm/a.le\libstartup.a(armv_chip_pxa255.o)
 .rodata.str1.4
                0x00001298        0x8 D:/Study/Raspberry/QNX/ide-4.7-workspace/Bsp_Rasp/src/hardware/startup/lib/arm/a.le\libstartup.a(armv_chip_pxa270.o)
 .rodata.str1.4
                0x000012a0        0x8 D:/Study/Raspberry/QNX/ide-4.7-workspace/Bsp_Rasp/src/hardware/startup/lib/arm/a.le\libstartup.a(armv_chip_sa1100.o)
 .rodata.str1.4
                0x000012a8        0x8 D:/Study/Raspberry/QNX/ide-4.7-workspace/Bsp_Rasp/src/hardware/startup/lib/arm/a.le\libstartup.a(armv_chip_sa1110.o)
 .rodata.str1.4
                0x000012b0       0x18 D:/Study/Raspberry/QNX/ide-4.7-workspace/Bsp_Rasp/src/hardware/startup/lib/arm/a.le\libstartup.a(armv_detect_sheeva.o)
 .rodata.str1.4
                0x000012c8       0x1c D:/Study/Raspberry/QNX/ide-4.7-workspace/Bsp_Rasp/src/hardware/startup/lib/arm/a.le\libstartup.a(armv_setup_mp11.o)
 .rodata.str1.4
                0x000012e4       0x10 D:/Study/Raspberry/QNX/ide-4.7-workspace/Bsp_Rasp/src/hardware/startup/lib/arm/a.le\libstartup.a(armv_setup_v6.o)
 .rodata.str1.4
                0x000012f4       0x3c D:/Study/Raspberry/QNX/ide-4.7-workspace/Bsp_Rasp/src/hardware/startup/lib/arm/a.le\libstartup.a(armv_setup_v7.o)
 .rodata.str1.4
                0x00001330       0x14 D:/Study/Raspberry/QNX/ide-4.7-workspace/Bsp_Rasp/src/hardware/startup/lib/arm/a.le\libstartup.a(arm_gic.o)
 .rodata.str1.4
                0x00001344       0x14 D:/Study/Raspberry/QNX/ide-4.7-workspace/Bsp_Rasp/src/hardware/startup/lib/arm/a.le\libstartup.a(armv_chip_a9mp.o)
 .rodata.str1.4
                0x00001358        0xc D:/Study/Raspberry/QNX/ide-4.7-workspace/Bsp_Rasp/src/hardware/startup/lib/arm/a.le\libstartup.a(armv_chip_a9up.o)
 .rodata.str1.4
                0x00001364        0xc D:/Study/Raspberry/QNX/ide-4.7-workspace/Bsp_Rasp/src/hardware/startup/lib/arm/a.le\libstartup.a(armv_chip_sheeva_v6.o)
 .rodata.str1.4
                0x00001370        0xc D:/Study/Raspberry/QNX/ide-4.7-workspace/Bsp_Rasp/src/hardware/startup/lib/arm/a.le\libstartup.a(armv_chip_sheeva_v7.o)
 .rodata.str1.4
                0x0000137c       0x1c D:/Study/Raspberry/QNX/ide-4.7-workspace/Bsp_Rasp/src/hardware/startup/lib/arm/a.le\libstartup.a(armv_setup_a9mp.o)

.rodata1
 *(.rodata1)

.ARM.extab
 *(.ARM.extab)

.ARM.exidx
 *(.ARM.exidx)

.eh_frame_hdr
 *(.eh_frame_hdr)

.eh_frame
 *(.eh_frame)

.gcc_except_table
 *(.gcc_except_table .gcc_except_table.*)

.eh_frame
 *(.eh_frame)

.gcc_except_table
 *(.gcc_except_table .gcc_except_table.*)

.tdata
 *(.tdata)

.tbss
 *(.tbss)

.preinit_array
 *(.preinit_array)

.init_array
 *(SORT(.init_array.*))
 *(.init_array)

.fini_array
 *(.fini_array)
 *(SORT(.fini_array.*))

.jcr
 *(.jcr)

.dynamic
 *(.dynamic)

.got
 *(.got.plt)
 *(.got)

.data           0x00000000      0xda8
 *(.data)
 .data          0x00000000        0x0 init_asinfo.o
 .data          0x00000000       0x28 init_hwinfo.o
 .data          0x00000028        0x4 init_intrinfo.o
 .data          0x0000002c        0x0 init_pio.o
 .data          0x0000002c        0x0 init_qtime_bcm2835.o
 .data          0x0000002c        0x0 init_raminfo.o
 .data          0x0000002c        0x0 main.o
 .data          0x0000002c        0x0 rtc_time.o
 .data          0x0000002c       0x1c D:/Study/Raspberry/QNX/ide-4.7-workspace/Bsp_Rasp/src/hardware/startup/lib/arm/a.le\libstartup.a(_main.o)
                0x00000040                system_dcache_idx
                0x00000038                max_cpus
                0x00000044                mdriver_check
                0x0000002c                mdriver_hook
                0x0000003c                system_icache_idx
                0x00000034                paddr_bits
                0x00000030                smp_hook_rtn
 .data          0x00000048        0x0 D:/Study/Raspberry/QNX/ide-4.7-workspace/Bsp_Rasp/src/hardware/startup/lib/arm/a.le\libstartup.a(add_interrupt.o)
 .data          0x00000048        0x0 D:/Study/Raspberry/QNX/ide-4.7-workspace/Bsp_Rasp/src/hardware/startup/lib/arm/a.le\libstartup.a(alloc_qtime.o)
 .data          0x00000048        0x0 D:/Study/Raspberry/QNX/ide-4.7-workspace/Bsp_Rasp/src/hardware/startup/lib/arm/a.le\libstartup.a(board_init.o)
 .data          0x00000048        0x0 D:/Study/Raspberry/QNX/ide-4.7-workspace/Bsp_Rasp/src/hardware/startup/lib/arm/a.le\libstartup.a(callout_debug_bcm2835.o)
 .data          0x00000048        0x0 D:/Study/Raspberry/QNX/ide-4.7-workspace/Bsp_Rasp/src/hardware/startup/lib/arm/a.le\libstartup.a(callout_interrupt_bcm2835.o)
 .data          0x00000048        0x0 D:/Study/Raspberry/QNX/ide-4.7-workspace/Bsp_Rasp/src/hardware/startup/lib/arm/a.le\libstartup.a(callout_reboot_at91sam9xx.o)
 .data          0x00000048        0x0 D:/Study/Raspberry/QNX/ide-4.7-workspace/Bsp_Rasp/src/hardware/startup/lib/arm/a.le\libstartup.a(callout_timer_bcm2835.o)
 .data          0x00000048        0x4 D:/Study/Raspberry/QNX/ide-4.7-workspace/Bsp_Rasp/src/hardware/startup/lib/arm/a.le\libstartup.a(callouts.o)
                0x00000048                callout_output_rtn
 .data          0x0000004c        0x0 D:/Study/Raspberry/QNX/ide-4.7-workspace/Bsp_Rasp/src/hardware/startup/lib/arm/a.le\libstartup.a(common_options.o)
 .data          0x0000004c        0x0 D:/Study/Raspberry/QNX/ide-4.7-workspace/Bsp_Rasp/src/hardware/startup/lib/arm/a.le\libstartup.a(cpu_common_options.o)
 .data          0x0000004c        0x0 D:/Study/Raspberry/QNX/ide-4.7-workspace/Bsp_Rasp/src/hardware/startup/lib/arm/a.le\libstartup.a(cpu_startup.o)
 .data          0x0000004c      0xc08 D:/Study/Raspberry/QNX/ide-4.7-workspace/Bsp_Rasp/src/hardware/startup/lib/arm/a.le\libstartup.a(cstart.o)
                0x00000c54                stack
                0x0000004c                boot_args
 .data          0x00000c54        0x0 D:/Study/Raspberry/QNX/ide-4.7-workspace/Bsp_Rasp/src/hardware/startup/lib/arm/a.le\libstartup.a(debug.o)
 .data          0x00000c54        0x0 D:/Study/Raspberry/QNX/ide-4.7-workspace/Bsp_Rasp/src/hardware/startup/lib/arm/a.le\libstartup.a(getopt.o)
 .data          0x00000c54        0x0 D:/Study/Raspberry/QNX/ide-4.7-workspace/Bsp_Rasp/src/hardware/startup/lib/arm/a.le\libstartup.a(getsize.o)
 .data          0x00000c54        0x0 D:/Study/Raspberry/QNX/ide-4.7-workspace/Bsp_Rasp/src/hardware/startup/lib/arm/a.le\libstartup.a(hw_serbcm2835debug.o)
 .data          0x00000c54        0x0 D:/Study/Raspberry/QNX/ide-4.7-workspace/Bsp_Rasp/src/hardware/startup/lib/arm/a.le\libstartup.a(hwi_add_nanospin.o)
 .data          0x00000c54        0x0 D:/Study/Raspberry/QNX/ide-4.7-workspace/Bsp_Rasp/src/hardware/startup/lib/arm/a.le\libstartup.a(hwi_alloc.o)
 .data          0x00000c54        0x0 D:/Study/Raspberry/QNX/ide-4.7-workspace/Bsp_Rasp/src/hardware/startup/lib/arm/a.le\libstartup.a(init_cacheattr.o)
 .data          0x00000c54        0x0 D:/Study/Raspberry/QNX/ide-4.7-workspace/Bsp_Rasp/src/hardware/startup/lib/arm/a.le\libstartup.a(init_cpuinfo.o)
 .data          0x00000c54        0x0 D:/Study/Raspberry/QNX/ide-4.7-workspace/Bsp_Rasp/src/hardware/startup/lib/arm/a.le\libstartup.a(init_mmu.o)
 .data          0x00000c54        0x0 D:/Study/Raspberry/QNX/ide-4.7-workspace/Bsp_Rasp/src/hardware/startup/lib/arm/a.le\libstartup.a(init_system_private.o)
 .data          0x00000c54        0x4 D:/Study/Raspberry/QNX/ide-4.7-workspace/Bsp_Rasp/src/hardware/startup/lib/arm/a.le\libstartup.a(jtag.o)
 .data          0x00000c58        0x4 D:/Study/Raspberry/QNX/ide-4.7-workspace/Bsp_Rasp/src/hardware/startup/lib/arm/a.le\libstartup.a(kprintf.o)
 .data          0x00000c5c        0x0 D:/Study/Raspberry/QNX/ide-4.7-workspace/Bsp_Rasp/src/hardware/startup/lib/arm/a.le\libstartup.a(load_ifs.o)
 .data          0x00000c5c        0x0 D:/Study/Raspberry/QNX/ide-4.7-workspace/Bsp_Rasp/src/hardware/startup/lib/arm/a.le\libstartup.a(map_callout_io.o)
 .data          0x00000c5c        0x0 D:/Study/Raspberry/QNX/ide-4.7-workspace/Bsp_Rasp/src/hardware/startup/lib/arm/a.le\libstartup.a(map_startup_io.o)
 .data          0x00000c5c        0x0 D:/Study/Raspberry/QNX/ide-4.7-workspace/Bsp_Rasp/src/hardware/startup/lib/arm/a.le\libstartup.a(map_startup_mem.o)
 .data          0x00000c5c        0x0 D:/Study/Raspberry/QNX/ide-4.7-workspace/Bsp_Rasp/src/hardware/startup/lib/arm/a.le\libstartup.a(memfuncs.o)
 .data          0x00000c5c        0x0 D:/Study/Raspberry/QNX/ide-4.7-workspace/Bsp_Rasp/src/hardware/startup/lib/arm/a.le\libstartup.a(memmove.o)
 .data          0x00000c5c       0xc0 D:/Study/Raspberry/QNX/ide-4.7-workspace/Bsp_Rasp/src/hardware/startup/lib/arm/a.le\libstartup.a(print_sysp.o)
 .data          0x00000d1c        0x4 D:/Study/Raspberry/QNX/ide-4.7-workspace/Bsp_Rasp/src/hardware/startup/lib/arm/a.le\libstartup.a(ram.o)
 .data          0x00000d20        0x4 D:/Study/Raspberry/QNX/ide-4.7-workspace/Bsp_Rasp/src/hardware/startup/lib/arm/a.le\libstartup.a(restore_ifs.o)
                0x00000d20                mdriver_cksum_max
 .data          0x00000d24        0x0 D:/Study/Raspberry/QNX/ide-4.7-workspace/Bsp_Rasp/src/hardware/startup/lib/arm/a.le\libstartup.a(rtc_time.o)
 .data          0x00000d24        0x0 D:/Study/Raspberry/QNX/ide-4.7-workspace/Bsp_Rasp/src/hardware/startup/lib/arm/a.le\libstartup.a(startnext.o)
 .data          0x00000d24        0x0 D:/Study/Raspberry/QNX/ide-4.7-workspace/Bsp_Rasp/src/hardware/startup/lib/arm/a.le\libstartup.a(startup_info.o)
 .data          0x00000d24        0x0 D:/Study/Raspberry/QNX/ide-4.7-workspace/Bsp_Rasp/src/hardware/startup/lib/arm/a.le\libstartup.a(strings.o)
 .data          0x00000d24        0x0 D:/Study/Raspberry/QNX/ide-4.7-workspace/Bsp_Rasp/src/hardware/startup/lib/arm/a.le\libstartup.a(strtoul.o)
 .data          0x00000d24        0x0 D:/Study/Raspberry/QNX/ide-4.7-workspace/Bsp_Rasp/src/hardware/startup/lib/arm/a.le\libstartup.a(syspage_memory.o)
 .data          0x00000d24        0x0 D:/Study/Raspberry/QNX/ide-4.7-workspace/Bsp_Rasp/src/hardware/startup/lib/arm/a.le\libstartup.a(tweak_cmdline.o)
 .data          0x00000d24        0x0 D:/Study/Raspberry/QNX/ide-4.7-workspace/Bsp_Rasp/src/hardware/startup/lib/arm/a.le\libstartup.a(uncompress.o)
 .data          0x00000d24        0x0 D:/Study/Raspberry/QNX/ide-4.7-workspace/Bsp_Rasp/src/hardware/startup/lib/arm/a.le\libstartup.a(uncompress_ucl.o)
 .data          0x00000d24        0x0 D:/Study/Raspberry/QNX/ide-4.7-workspace/Bsp_Rasp/src/hardware/startup/lib/arm/a.le\libstartup.a(arm_cache.o)
 .data          0x00000d24        0x0 D:/Study/Raspberry/QNX/ide-4.7-workspace/Bsp_Rasp/src/hardware/startup/lib/arm/a.le\libstartup.a(arm_cpuspeed.o)
 .data          0x00000d24        0x4 D:/Study/Raspberry/QNX/ide-4.7-workspace/Bsp_Rasp/src/hardware/startup/lib/arm/a.le\libstartup.a(arm_map.o)
 .data          0x00000d28        0x0 D:/Study/Raspberry/QNX/ide-4.7-workspace/Bsp_Rasp/src/hardware/startup/lib/arm/a.le\libstartup.a(arm_pte.o)
 .data          0x00000d28        0x0 D:/Study/Raspberry/QNX/ide-4.7-workspace/Bsp_Rasp/src/hardware/startup/lib/arm/a.le\libstartup.a(armv_chip_detect.o)
 .data          0x00000d28       0x78 D:/Study/Raspberry/QNX/ide-4.7-workspace/Bsp_Rasp/src/hardware/startup/lib/arm/a.le\libstartup.a(armv_list.o)
                0x00000d28                armv_list
 .data          0x00000da0        0x0 D:/Study/Raspberry/QNX/ide-4.7-workspace/Bsp_Rasp/src/hardware/startup/lib/arm/a.le\libstartup.a(as_add.o)
 .data          0x00000da0        0x0 D:/Study/Raspberry/QNX/ide-4.7-workspace/Bsp_Rasp/src/hardware/startup/lib/arm/a.le\libstartup.a(as_add64.o)
 .data          0x00000da0        0x0 D:/Study/Raspberry/QNX/ide-4.7-workspace/Bsp_Rasp/src/hardware/startup/lib/arm/a.le\libstartup.a(as_add_containing.o)
 .data          0x00000da0        0x0 D:/Study/Raspberry/QNX/ide-4.7-workspace/Bsp_Rasp/src/hardware/startup/lib/arm/a.le\libstartup.a(as_default.o)
 .data          0x00000da0        0x0 D:/Study/Raspberry/QNX/ide-4.7-workspace/Bsp_Rasp/src/hardware/startup/lib/arm/a.le\libstartup.a(as_find.o)
 .data          0x00000da0        0x0 D:/Study/Raspberry/QNX/ide-4.7-workspace/Bsp_Rasp/src/hardware/startup/lib/arm/a.le\libstartup.a(as_find_containing.o)
 .data          0x00000da0        0x0 D:/Study/Raspberry/QNX/ide-4.7-workspace/Bsp_Rasp/src/hardware/startup/lib/arm/a.le\libstartup.a(as_off2info.o)
 .data          0x00000da0        0x0 D:/Study/Raspberry/QNX/ide-4.7-workspace/Bsp_Rasp/src/hardware/startup/lib/arm/a.le\libstartup.a(board_cpu_startup.o)
 .data          0x00000da0        0x0 D:/Study/Raspberry/QNX/ide-4.7-workspace/Bsp_Rasp/src/hardware/startup/lib/arm/a.le\libstartup.a(cpu_startnext.o)
 .data          0x00000da0        0x0 D:/Study/Raspberry/QNX/ide-4.7-workspace/Bsp_Rasp/src/hardware/startup/lib/arm/a.le\libstartup.a(cpu_syspage_memory.o)
 .data          0x00000da0        0x0 D:/Study/Raspberry/QNX/ide-4.7-workspace/Bsp_Rasp/src/hardware/startup/lib/arm/a.le\libstartup.a(crash_done.o)
 .data          0x00000da0        0x0 D:/Study/Raspberry/QNX/ide-4.7-workspace/Bsp_Rasp/src/hardware/startup/lib/arm/a.le\libstartup.a(dummy_print_char.o)
 .data          0x00000da0        0x0 D:/Study/Raspberry/QNX/ide-4.7-workspace/Bsp_Rasp/src/hardware/startup/lib/arm/a.le\libstartup.a(elf.o)
 .data          0x00000da0        0x0 D:/Study/Raspberry/QNX/ide-4.7-workspace/Bsp_Rasp/src/hardware/startup/lib/arm/a.le\libstartup.a(elf_map.o)
 .data          0x00000da0        0x0 D:/Study/Raspberry/QNX/ide-4.7-workspace/Bsp_Rasp/src/hardware/startup/lib/arm/a.le\libstartup.a(hwi_add_device.o)
 .data          0x00000da0        0x0 D:/Study/Raspberry/QNX/ide-4.7-workspace/Bsp_Rasp/src/hardware/startup/lib/arm/a.le\libstartup.a(hwi_default.o)
 .data          0x00000da0        0x4 D:/Study/Raspberry/QNX/ide-4.7-workspace/Bsp_Rasp/src/hardware/startup/lib/arm/a.le\libstartup.a(mdriver_max.o)
                0x00000da0                mdriver_max
 .data          0x00000da4        0x0 D:/Study/Raspberry/QNX/ide-4.7-workspace/Bsp_Rasp/src/hardware/startup/lib/arm/a.le\libstartup.a(memcpy.o)
 .data          0x00000da4        0x0 D:/Study/Raspberry/QNX/ide-4.7-workspace/Bsp_Rasp/src/hardware/startup/lib/arm/a.le\libstartup.a(timer_ns2tick.o)
 .data          0x00000da4        0x0 D:/Study/Raspberry/QNX/ide-4.7-workspace/Bsp_Rasp/src/hardware/startup/lib/arm/a.le\libstartup.a(timer_tick2ns.o)
 .data          0x00000da4        0x0 D:/Study/Raspberry/QNX/ide-4.7-workspace/Bsp_Rasp/src/hardware/startup/lib/arm/a.le\libstartup.a(vstart_v4.o)
 .data          0x00000da4        0x0 D:/Study/Raspberry/QNX/ide-4.7-workspace/Bsp_Rasp/src/hardware/startup/lib/arm/a.le\libstartup.a(add_cache.o)
 .data          0x00000da4        0x0 D:/Study/Raspberry/QNX/ide-4.7-workspace/Bsp_Rasp/src/hardware/startup/lib/arm/a.le\libstartup.a(armv_chip_1020.o)
 .data          0x00000da4        0x0 D:/Study/Raspberry/QNX/ide-4.7-workspace/Bsp_Rasp/src/hardware/startup/lib/arm/a.le\libstartup.a(armv_chip_1022.o)
 .data          0x00000da4        0x0 D:/Study/Raspberry/QNX/ide-4.7-workspace/Bsp_Rasp/src/hardware/startup/lib/arm/a.le\libstartup.a(armv_chip_1136.o)
 .data          0x00000da4        0x0 D:/Study/Raspberry/QNX/ide-4.7-workspace/Bsp_Rasp/src/hardware/startup/lib/arm/a.le\libstartup.a(armv_chip_1176.o)
 .data          0x00000da4        0x0 D:/Study/Raspberry/QNX/ide-4.7-workspace/Bsp_Rasp/src/hardware/startup/lib/arm/a.le\libstartup.a(armv_chip_1200.o)
 .data          0x00000da4        0x0 D:/Study/Raspberry/QNX/ide-4.7-workspace/Bsp_Rasp/src/hardware/startup/lib/arm/a.le\libstartup.a(armv_chip_23xx.o)
 .data          0x00000da4        0x0 D:/Study/Raspberry/QNX/ide-4.7-workspace/Bsp_Rasp/src/hardware/startup/lib/arm/a.le\libstartup.a(armv_chip_2400.o)
 .data          0x00000da4        0x0 D:/Study/Raspberry/QNX/ide-4.7-workspace/Bsp_Rasp/src/hardware/startup/lib/arm/a.le\libstartup.a(armv_chip_2800.o)
 .data          0x00000da4        0x0 D:/Study/Raspberry/QNX/ide-4.7-workspace/Bsp_Rasp/src/hardware/startup/lib/arm/a.le\libstartup.a(armv_chip_425.o)
 .data          0x00000da4        0x0 D:/Study/Raspberry/QNX/ide-4.7-workspace/Bsp_Rasp/src/hardware/startup/lib/arm/a.le\libstartup.a(armv_chip_465.o)
 .data          0x00000da4        0x0 D:/Study/Raspberry/QNX/ide-4.7-workspace/Bsp_Rasp/src/hardware/startup/lib/arm/a.le\libstartup.a(armv_chip_720.o)
 .data          0x00000da4        0x0 D:/Study/Raspberry/QNX/ide-4.7-workspace/Bsp_Rasp/src/hardware/startup/lib/arm/a.le\libstartup.a(armv_chip_80200.o)
 .data          0x00000da4        0x0 D:/Study/Raspberry/QNX/ide-4.7-workspace/Bsp_Rasp/src/hardware/startup/lib/arm/a.le\libstartup.a(armv_chip_920.o)
 .data          0x00000da4        0x0 D:/Study/Raspberry/QNX/ide-4.7-workspace/Bsp_Rasp/src/hardware/startup/lib/arm/a.le\libstartup.a(armv_chip_922.o)
 .data          0x00000da4        0x0 D:/Study/Raspberry/QNX/ide-4.7-workspace/Bsp_Rasp/src/hardware/startup/lib/arm/a.le\libstartup.a(armv_chip_925.o)
 .data          0x00000da4        0x0 D:/Study/Raspberry/QNX/ide-4.7-workspace/Bsp_Rasp/src/hardware/startup/lib/arm/a.le\libstartup.a(armv_chip_926.o)
 .data          0x00000da4        0x0 D:/Study/Raspberry/QNX/ide-4.7-workspace/Bsp_Rasp/src/hardware/startup/lib/arm/a.le\libstartup.a(armv_chip_a15.o)
 .data          0x00000da4        0x0 D:/Study/Raspberry/QNX/ide-4.7-workspace/Bsp_Rasp/src/hardware/startup/lib/arm/a.le\libstartup.a(armv_chip_a8.o)
 .data          0x00000da4        0x0 D:/Study/Raspberry/QNX/ide-4.7-workspace/Bsp_Rasp/src/hardware/startup/lib/arm/a.le\libstartup.a(armv_chip_a9.o)
 .data          0x00000da4        0x0 D:/Study/Raspberry/QNX/ide-4.7-workspace/Bsp_Rasp/src/hardware/startup/lib/arm/a.le\libstartup.a(armv_chip_mp11.o)
 .data          0x00000da4        0x0 D:/Study/Raspberry/QNX/ide-4.7-workspace/Bsp_Rasp/src/hardware/startup/lib/arm/a.le\libstartup.a(armv_chip_pxa210b.o)
 .data          0x00000da4        0x0 D:/Study/Raspberry/QNX/ide-4.7-workspace/Bsp_Rasp/src/hardware/startup/lib/arm/a.le\libstartup.a(armv_chip_pxa210c.o)
 .data          0x00000da4        0x0 D:/Study/Raspberry/QNX/ide-4.7-workspace/Bsp_Rasp/src/hardware/startup/lib/arm/a.le\libstartup.a(armv_chip_pxa250a.o)
 .data          0x00000da4        0x0 D:/Study/Raspberry/QNX/ide-4.7-workspace/Bsp_Rasp/src/hardware/startup/lib/arm/a.le\libstartup.a(armv_chip_pxa250b.o)
 .data          0x00000da4        0x0 D:/Study/Raspberry/QNX/ide-4.7-workspace/Bsp_Rasp/src/hardware/startup/lib/arm/a.le\libstartup.a(armv_chip_pxa255.o)
 .data          0x00000da4        0x0 D:/Study/Raspberry/QNX/ide-4.7-workspace/Bsp_Rasp/src/hardware/startup/lib/arm/a.le\libstartup.a(armv_chip_pxa270.o)
 .data          0x00000da4        0x0 D:/Study/Raspberry/QNX/ide-4.7-workspace/Bsp_Rasp/src/hardware/startup/lib/arm/a.le\libstartup.a(armv_chip_sa1100.o)
 .data          0x00000da4        0x0 D:/Study/Raspberry/QNX/ide-4.7-workspace/Bsp_Rasp/src/hardware/startup/lib/arm/a.le\libstartup.a(armv_chip_sa1110.o)
 .data          0x00000da4        0x0 D:/Study/Raspberry/QNX/ide-4.7-workspace/Bsp_Rasp/src/hardware/startup/lib/arm/a.le\libstartup.a(armv_chip_sheeva.o)
 .data          0x00000da4        0x0 D:/Study/Raspberry/QNX/ide-4.7-workspace/Bsp_Rasp/src/hardware/startup/lib/arm/a.le\libstartup.a(armv_detect_a9.o)
 .data          0x00000da4        0x0 D:/Study/Raspberry/QNX/ide-4.7-workspace/Bsp_Rasp/src/hardware/startup/lib/arm/a.le\libstartup.a(armv_detect_sheeva.o)
 .data          0x00000da4        0x0 D:/Study/Raspberry/QNX/ide-4.7-workspace/Bsp_Rasp/src/hardware/startup/lib/arm/a.le\libstartup.a(armv_pte_ixp2xxx.o)
 .data          0x00000da4        0x0 D:/Study/Raspberry/QNX/ide-4.7-workspace/Bsp_Rasp/src/hardware/startup/lib/arm/a.le\libstartup.a(armv_pte_v4wb.o)
 .data          0x00000da4        0x0 D:/Study/Raspberry/QNX/ide-4.7-workspace/Bsp_Rasp/src/hardware/startup/lib/arm/a.le\libstartup.a(armv_pte_v4wt.o)
 .data          0x00000da4        0x0 D:/Study/Raspberry/QNX/ide-4.7-workspace/Bsp_Rasp/src/hardware/startup/lib/arm/a.le\libstartup.a(armv_pte_v5wa.o)
 .data          0x00000da4        0x0 D:/Study/Raspberry/QNX/ide-4.7-workspace/Bsp_Rasp/src/hardware/startup/lib/arm/a.le\libstartup.a(armv_pte_v5wb.o)
 .data          0x00000da4        0x0 D:/Study/Raspberry/QNX/ide-4.7-workspace/Bsp_Rasp/src/hardware/startup/lib/arm/a.le\libstartup.a(armv_pte_v5wt.o)
 .data          0x00000da4        0x0 D:/Study/Raspberry/QNX/ide-4.7-workspace/Bsp_Rasp/src/hardware/startup/lib/arm/a.le\libstartup.a(armv_pte_v6mp.o)
 .data          0x00000da4        0x0 D:/Study/Raspberry/QNX/ide-4.7-workspace/Bsp_Rasp/src/hardware/startup/lib/arm/a.le\libstartup.a(armv_pte_v6wb.o)
 .data          0x00000da4        0x0 D:/Study/Raspberry/QNX/ide-4.7-workspace/Bsp_Rasp/src/hardware/startup/lib/arm/a.le\libstartup.a(armv_pte_v6wt.o)
 .data          0x00000da4        0x0 D:/Study/Raspberry/QNX/ide-4.7-workspace/Bsp_Rasp/src/hardware/startup/lib/arm/a.le\libstartup.a(armv_pte_v7mp.o)
 .data          0x00000da4        0x0 D:/Study/Raspberry/QNX/ide-4.7-workspace/Bsp_Rasp/src/hardware/startup/lib/arm/a.le\libstartup.a(armv_pte_v7wa.o)
 .data          0x00000da4        0x0 D:/Study/Raspberry/QNX/ide-4.7-workspace/Bsp_Rasp/src/hardware/startup/lib/arm/a.le\libstartup.a(armv_pte_v7wb.o)
 .data          0x00000da4        0x0 D:/Study/Raspberry/QNX/ide-4.7-workspace/Bsp_Rasp/src/hardware/startup/lib/arm/a.le\libstartup.a(armv_pte_v7wt.o)
 .data          0x00000da4        0x0 D:/Study/Raspberry/QNX/ide-4.7-workspace/Bsp_Rasp/src/hardware/startup/lib/arm/a.le\libstartup.a(armv_pte_xsc3.o)
 .data          0x00000da4        0x0 D:/Study/Raspberry/QNX/ide-4.7-workspace/Bsp_Rasp/src/hardware/startup/lib/arm/a.le\libstartup.a(armv_setup_1136.o)
 .data          0x00000da4        0x0 D:/Study/Raspberry/QNX/ide-4.7-workspace/Bsp_Rasp/src/hardware/startup/lib/arm/a.le\libstartup.a(armv_setup_a15.o)
 .data          0x00000da4        0x0 D:/Study/Raspberry/QNX/ide-4.7-workspace/Bsp_Rasp/src/hardware/startup/lib/arm/a.le\libstartup.a(armv_setup_a8.o)
 .data          0x00000da4        0x4 D:/Study/Raspberry/QNX/ide-4.7-workspace/Bsp_Rasp/src/hardware/startup/lib/arm/a.le\libstartup.a(armv_setup_mp11.o)
                0x00000da4                mpcore_scu_base
 .data          0x00000da8        0x0 D:/Study/Raspberry/QNX/ide-4.7-workspace/Bsp_Rasp/src/hardware/startup/lib/arm/a.le\libstartup.a(armv_setup_v6.o)
 .data          0x00000da8        0x0 D:/Study/Raspberry/QNX/ide-4.7-workspace/Bsp_Rasp/src/hardware/startup/lib/arm/a.le\libstartup.a(armv_setup_v7.o)